Archive member included to satisfy reference by file (symbol)

c:/program files (x86)/eclipse foundation/eclipse cdt/gnu tools arm embedded/bin/../lib/gcc/arm-none-eabi/9.3.1/../../../../arm-none-eabi/lib/thumb/v7e-m/nofp\libstdc++_nano.a(atexit_arm.o)
                              ./Startup_Code/console.o (__aeabi_atexit)
c:/program files (x86)/eclipse foundation/eclipse cdt/gnu tools arm embedded/bin/../lib/gcc/arm-none-eabi/9.3.1/../../../../arm-none-eabi/lib/thumb/v7e-m/nofp\libstdc++_nano.a(del_ops.o)
                              ./Startup_Code/console.o (operator delete(void*, unsigned int))
c:/program files (x86)/eclipse foundation/eclipse cdt/gnu tools arm embedded/bin/../lib/gcc/arm-none-eabi/9.3.1/../../../../arm-none-eabi/lib/thumb/v7e-m/nofp\libstdc++_nano.a(del_op.o)
                              c:/program files (x86)/eclipse foundation/eclipse cdt/gnu tools arm embedded/bin/../lib/gcc/arm-none-eabi/9.3.1/../../../../arm-none-eabi/lib/thumb/v7e-m/nofp\libstdc++_nano.a(del_ops.o) (operator delete(void*))
c:/program files (x86)/eclipse foundation/eclipse cdt/gnu tools arm embedded/bin/../lib/gcc/arm-none-eabi/9.3.1/../../../../arm-none-eabi/lib/thumb/v7e-m/nofp\libm.a(lib_a-s_round.o)
                              ./Sources/Note.o (round)
c:/program files (x86)/eclipse foundation/eclipse cdt/gnu tools arm embedded/bin/../lib/gcc/arm-none-eabi/9.3.1/../../../../arm-none-eabi/lib/thumb/v7e-m/nofp\libm.a(lib_a-sf_rint.o)
                              ./Sources/Note.o (rintf)
c:/program files (x86)/eclipse foundation/eclipse cdt/gnu tools arm embedded/bin/../lib/gcc/arm-none-eabi/9.3.1/../../../../arm-none-eabi/lib/thumb/v7e-m/nofp\libm.a(lib_a-sf_round.o)
                              ./Sources/delay.o (roundf)
c:/program files (x86)/eclipse foundation/eclipse cdt/gnu tools arm embedded/bin/../lib/gcc/arm-none-eabi/9.3.1/thumb/v7e-m/nofp\libgcc.a(_arm_mulsf3.o)
                              ./Sources/Note.o (__aeabi_fmul)
c:/program files (x86)/eclipse foundation/eclipse cdt/gnu tools arm embedded/bin/../lib/gcc/arm-none-eabi/9.3.1/thumb/v7e-m/nofp\libgcc.a(_arm_addsubdf3.o)
                              c:/program files (x86)/eclipse foundation/eclipse cdt/gnu tools arm embedded/bin/../lib/gcc/arm-none-eabi/9.3.1/../../../../arm-none-eabi/lib/thumb/v7e-m/nofp\libm.a(lib_a-s_round.o) (__aeabi_dadd)
c:/program files (x86)/eclipse foundation/eclipse cdt/gnu tools arm embedded/bin/../lib/gcc/arm-none-eabi/9.3.1/thumb/v7e-m/nofp\libgcc.a(_arm_muldivdf3.o)
                              ./Sources/Note.o (__aeabi_ddiv)
c:/program files (x86)/eclipse foundation/eclipse cdt/gnu tools arm embedded/bin/../lib/gcc/arm-none-eabi/9.3.1/thumb/v7e-m/nofp\libgcc.a(_arm_fixunsdfsi.o)
                              ./Sources/Note.o (__aeabi_d2uiz)
c:/program files (x86)/eclipse foundation/eclipse cdt/gnu tools arm embedded/bin/../lib/gcc/arm-none-eabi/9.3.1/thumb/v7e-m/nofp\libgcc.a(_arm_truncdfsf2.o)
                              ./Sources/Note.o (__aeabi_d2f)
c:/program files (x86)/eclipse foundation/eclipse cdt/gnu tools arm embedded/bin/../lib/gcc/arm-none-eabi/9.3.1/thumb/v7e-m/nofp\libgcc.a(_arm_addsubsf3.o)
                              ./Sources/spi.o (__aeabi_fsub)
c:/program files (x86)/eclipse foundation/eclipse cdt/gnu tools arm embedded/bin/../lib/gcc/arm-none-eabi/9.3.1/thumb/v7e-m/nofp\libgcc.a(_arm_muldivsf3.o)
                              ./Sources/Note.o (__aeabi_fdiv)
c:/program files (x86)/eclipse foundation/eclipse cdt/gnu tools arm embedded/bin/../lib/gcc/arm-none-eabi/9.3.1/thumb/v7e-m/nofp\libgcc.a(_arm_cmpsf2.o)
                              ./Sources/spi.o (__aeabi_fcmplt)
c:/program files (x86)/eclipse foundation/eclipse cdt/gnu tools arm embedded/bin/../lib/gcc/arm-none-eabi/9.3.1/thumb/v7e-m/nofp\libgcc.a(_arm_fixsfsi.o)
                              ./Sources/Tune.o (__aeabi_f2iz)
c:/program files (x86)/eclipse foundation/eclipse cdt/gnu tools arm embedded/bin/../lib/gcc/arm-none-eabi/9.3.1/thumb/v7e-m/nofp\libgcc.a(_arm_fixunssfsi.o)
                              ./Sources/Tune.o (__aeabi_f2uiz)
c:/program files (x86)/eclipse foundation/eclipse cdt/gnu tools arm embedded/bin/../lib/gcc/arm-none-eabi/9.3.1/thumb/v7e-m/nofp\libgcc.a(_aeabi_uldivmod.o)
                              ./Sources/delay.o (__aeabi_uldivmod)
c:/program files (x86)/eclipse foundation/eclipse cdt/gnu tools arm embedded/bin/../lib/gcc/arm-none-eabi/9.3.1/thumb/v7e-m/nofp\libgcc.a(_fixunssfdi.o)
                              ./Sources/Note.o (__aeabi_f2ulz)
c:/program files (x86)/eclipse foundation/eclipse cdt/gnu tools arm embedded/bin/../lib/gcc/arm-none-eabi/9.3.1/thumb/v7e-m/nofp\libgcc.a(_udivmoddi4.o)
                              c:/program files (x86)/eclipse foundation/eclipse cdt/gnu tools arm embedded/bin/../lib/gcc/arm-none-eabi/9.3.1/thumb/v7e-m/nofp\libgcc.a(_aeabi_uldivmod.o) (__udivmoddi4)
[...]
Memory Configuration

Name             Origin             Length             Attributes
bitband          0x22000000         0x02000000         rw
aips0            0x40000000         0x00080000         rw
aips1            0x40080000         0x0007f000         rw
gpio             0x400ff000         0x00001000         rw
gpioBitband      0x42000000         0x02000000         rw
peripherals      0xe0000000         0x00100000         rw
flexRAM          0x14000000         0x00000800         rw
flexNVM          0x10000000         0x00008000         xr
flash            0x00000000         0x00020000         xr
ram_high         0x20000000         0x00002000         xrw
ram_low          0x1fffe000         0x00002000         xrw
gdbGuard         0x20000000         0x00000020         r
*default*        0x00000000         0xffffffff

Linker script and memory map

LOAD c:/program files (x86)/eclipse foundation/eclipse cdt/gnu tools arm embedded/bin/../lib/gcc/arm-none-eabi/9.3.1/thumb/v7e-m/nofp/crti.o
LOAD c:/program files (x86)/eclipse foundation/eclipse cdt/gnu tools arm embedded/bin/../lib/gcc/arm-none-eabi/9.3.1/thumb/v7e-m/nofp/crtbegin.o
LOAD c:/program files (x86)/eclipse foundation/eclipse cdt/gnu tools arm embedded/bin/../lib/gcc/arm-none-eabi/9.3.1/../../../../arm-none-eabi/lib/thumb/v7e-m/nofp/crt0.o
LOAD ./Startup_Code/console.o
LOAD ./Startup_Code/mcg.o
LOAD ./Startup_Code/newlib_stubs.o
LOAD ./Startup_Code/rtc.o
LOAD ./Startup_Code/security.o
LOAD ./Startup_Code/startup_ARMLtdGCC.o
LOAD ./Startup_Code/system-gcc.o
LOAD ./Startup_Code/system.o
LOAD ./Startup_Code/vectors.o
LOAD ./Sources/MusicBox.o
LOAD ./Sources/Note.o
LOAD ./Sources/Tune.o
LOAD ./Sources/delay.o
LOAD ./Sources/ftfl.o
LOAD ./Sources/hardware.o
LOAD ./Sources/i2c.o
LOAD ./Sources/spi.o
LOAD ./Sources/usbdmError.o
LOAD c:/program files (x86)/eclipse foundation/eclipse cdt/gnu tools arm embedded/bin/../lib/gcc/arm-none-eabi/9.3.1/../../../../arm-none-eabi/lib/thumb/v7e-m/nofp\libstdc++_nano.a
LOAD c:/program files (x86)/eclipse foundation/eclipse cdt/gnu tools arm embedded/bin/../lib/gcc/arm-none-eabi/9.3.1/../../../../arm-none-eabi/lib/thumb/v7e-m/nofp\libm.a
START GROUP
LOAD c:/program files (x86)/eclipse foundation/eclipse cdt/gnu tools arm embedded/bin/../lib/gcc/arm-none-eabi/9.3.1/thumb/v7e-m/nofp\libgcc.a
LOAD c:/program files (x86)/eclipse foundation/eclipse cdt/gnu tools arm embedded/bin/../lib/gcc/arm-none-eabi/9.3.1/../../../../arm-none-eabi/lib/thumb/v7e-m/nofp\libg_nano.a
LOAD c:/program files (x86)/eclipse foundation/eclipse cdt/gnu tools arm embedded/bin/../lib/gcc/arm-none-eabi/9.3.1/../../../../arm-none-eabi/lib/thumb/v7e-m/nofp\libc_nano.a
END GROUP
START GROUP
LOAD c:/program files (x86)/eclipse foundation/eclipse cdt/gnu tools arm embedded/bin/../lib/gcc/arm-none-eabi/9.3.1/thumb/v7e-m/nofp\libgcc.a
LOAD c:/program files (x86)/eclipse foundation/eclipse cdt/gnu tools arm embedded/bin/../lib/gcc/arm-none-eabi/9.3.1/../../../../arm-none-eabi/lib/thumb/v7e-m/nofp\libc_nano.a
END GROUP
LOAD c:/program files (x86)/eclipse foundation/eclipse cdt/gnu tools arm embedded/bin/../lib/gcc/arm-none-eabi/9.3.1/thumb/v7e-m/nofp/crtend.o
LOAD c:/program files (x86)/eclipse foundation/eclipse cdt/gnu tools arm embedded/bin/../lib/gcc/arm-none-eabi/9.3.1/thumb/v7e-m/nofp/crtn.o
                0x00001000                __stack_size = 0x1000
                0x00001000                __heap_size = 0x1000
                0x00000000                __sram_u_size = 0x0
                0x00001000                PROVIDE (__stack_size__ = __stack_size)
                0x00001000                PROVIDE (__heap_size__ = __heap_size)
                [!provide]                PROVIDE (__HardReset = Reset_Handler)
                [!provide]                PROVIDE (_start = main)

.interrupts     0x00000000      0x410
                0x00000000                __flash_start = .
                0x00000000                __VECTOR_TABLE = .
 *(.interrupt_vectors)
 .interrupt_vectors
                0x00000000       0xf8 ./Startup_Code/vectors.o
                0x00000000                __vector_table
 *(.isr_vector)
                0x00000001                ASSERT ((. != __flash_start), No reset vector found)
                0x000000f8                __VECTOR_TABLE_END = .
                0x00000400                . = (__flash_start + 0x400)
 *fill*         0x000000f8      0x308 
 *(.security_information)
 .security_information
                0x00000400       0x10 ./Startup_Code/security.o
                0x00000400                securityInfo
 *(.FlashConfig)
                0x00000001                ASSERT ((. == (__flash_start + 0x410)), No Freescale security information)
                0x00000000                M_VECTOR_RAM_SIZE = DEFINED (__ram_vector_table__)?(__VECTOR_TABLE_END - __VECTOR_TABLE):0x0

.text           0x00000410     0x4250
 *(.text)
 .text          0x00000410       0x40 c:/program files (x86)/eclipse foundation/eclipse cdt/gnu tools arm embedded/bin/../lib/gcc/arm-none-eabi/9.3.1/thumb/v7e-m/nofp/crtbegin.o
 .text          0x00000450       0x7c c:/program files (x86)/eclipse foundation/eclipse cdt/gnu tools arm embedded/bin/../lib/gcc/arm-none-eabi/9.3.1/../../../../arm-none-eabi/lib/thumb/v7e-m/nofp/crt0.o
                0x00000450                _stack_init
                0x00000458                _start
                0x00000458                _mainCRTStartup
 .text          0x000004cc       0x44 ./Startup_Code/startup_ARMLtdGCC.o
                0x000004cc                Reset_Handler
 .text          0x00000510      0x378 c:/program files (x86)/eclipse foundation/eclipse cdt/gnu tools arm embedded/bin/../lib/gcc/arm-none-eabi/9.3.1/thumb/v7e-m/nofp\libgcc.a(_arm_addsubdf3.o)
                0x00000510                __aeabi_drsub
                0x00000518                __aeabi_dsub
                0x00000518                __subdf3
                0x0000051c                __aeabi_dadd
                0x0000051c                __adddf3
                0x00000794                __floatunsidf
                0x00000794                __aeabi_ui2d
                0x000007b4                __floatsidf
                0x000007b4                __aeabi_i2d
                0x000007d8                __aeabi_f2d
                0x000007d8                __extendsfdf2
                0x0000081c                __floatundidf
                0x0000081c                __aeabi_ul2d
                0x0000082c                __floatdidf
                0x0000082c                __aeabi_l2d
 .text          0x00000888      0x424 c:/program files (x86)/eclipse foundation/eclipse cdt/gnu tools arm embedded/bin/../lib/gcc/arm-none-eabi/9.3.1/thumb/v7e-m/nofp\libgcc.a(_arm_muldivdf3.o)
                0x00000888                __aeabi_dmul
                0x00000888                __muldf3
                0x00000adc                __divdf3
                0x00000adc                __aeabi_ddiv
 .text          0x00000cac       0x40 c:/program files (x86)/eclipse foundation/eclipse cdt/gnu tools arm embedded/bin/../lib/gcc/arm-none-eabi/9.3.1/thumb/v7e-m/nofp\libgcc.a(_arm_fixunsdfsi.o)
                0x00000cac                __aeabi_d2uiz
                0x00000cac                __fixunsdfsi
 .text          0x00000cec       0xa0 c:/program files (x86)/eclipse foundation/eclipse cdt/gnu tools arm embedded/bin/../lib/gcc/arm-none-eabi/9.3.1/thumb/v7e-m/nofp\libgcc.a(_arm_truncdfsf2.o)
                0x00000cec                __truncdfsf2
                0x00000cec                __aeabi_d2f
 .text          0x00000d8c      0x21c c:/program files (x86)/eclipse foundation/eclipse cdt/gnu tools arm embedded/bin/../lib/gcc/arm-none-eabi/9.3.1/thumb/v7e-m/nofp\libgcc.a(_arm_addsubsf3.o)
                0x00000d8c                __aeabi_frsub
                0x00000d94                __subsf3
                0x00000d94                __aeabi_fsub
                0x00000d98                __aeabi_fadd
                0x00000d98                __addsf3
                0x00000ef8                __aeabi_ui2f
                0x00000ef8                __floatunsisf
                0x00000f00                __aeabi_i2f
                0x00000f00                __floatsisf
                0x00000f1c                __aeabi_ul2f
                0x00000f1c                __floatundisf
                0x00000f2c                __aeabi_l2f
                0x00000f2c                __floatdisf
 .text          0x00000fa8      0x2a0 c:/program files (x86)/eclipse foundation/eclipse cdt/gnu tools arm embedded/bin/../lib/gcc/arm-none-eabi/9.3.1/thumb/v7e-m/nofp\libgcc.a(_arm_muldivsf3.o)
                0x00000fa8                __mulsf3
                0x00000fa8                __aeabi_fmul
                0x00001110                __aeabi_fdiv
                0x00001110                __divsf3
 .text          0x00001248       0xec c:/program files (x86)/eclipse foundation/eclipse cdt/gnu tools arm embedded/bin/../lib/gcc/arm-none-eabi/9.3.1/thumb/v7e-m/nofp\libgcc.a(_arm_cmpsf2.o)
                0x00001248                __gesf2
                0x00001248                __gtsf2
                0x00001250                __lesf2
                0x00001250                __ltsf2
                0x00001258                __nesf2
                0x00001258                __eqsf2
                0x00001258                __cmpsf2
                0x000012b8                __aeabi_cfrcmple
                0x000012c0                __aeabi_cfcmpeq
                0x000012c0                __aeabi_cfcmple
                0x000012d0                __aeabi_fcmpeq
                0x000012e4                __aeabi_fcmplt
                0x000012f8                __aeabi_fcmple
                0x0000130c                __aeabi_fcmpge
                0x00001320                __aeabi_fcmpgt
 .text          0x00001334       0x4c c:/program files (x86)/eclipse foundation/eclipse cdt/gnu tools arm embedded/bin/../lib/gcc/arm-none-eabi/9.3.1/thumb/v7e-m/nofp\libgcc.a(_arm_fixsfsi.o)
                0x00001334                __aeabi_f2iz
                0x00001334                __fixsfsi
 .text          0x00001380       0x40 c:/program files (x86)/eclipse foundation/eclipse cdt/gnu tools arm embedded/bin/../lib/gcc/arm-none-eabi/9.3.1/thumb/v7e-m/nofp\libgcc.a(_arm_fixunssfsi.o)
                0x00001380                __fixunssfsi
                0x00001380                __aeabi_f2uiz
 .text          0x000013c0       0x40 c:/program files (x86)/eclipse foundation/eclipse cdt/gnu tools arm embedded/bin/../lib/gcc/arm-none-eabi/9.3.1/thumb/v7e-m/nofp\libgcc.a(_fixunssfdi.o)
                0x000013c0                __fixunssfdi
                0x000013c0                __aeabi_f2ulz
 *(.text*)
 .text.NVIC_SetPriority
                0x00001400       0x54 ./Startup_Code/console.o
 .text._ZN5USBDML16enablePortClocksEm
                0x00001454       0x34 ./Startup_Code/console.o
 .text._ZN5USBDM7SimInfo13getUart0ClockEv
                0x00001488       0x14 ./Startup_Code/console.o
                0x00001488                USBDM::SimInfo::getUart0Clock()
 .text._ZN5USBDM9Uart0Info11enableClockEv
                0x0000149c       0x28 ./Startup_Code/console.o
                0x0000149c                USBDM::Uart0Info::enableClock()
 .text._ZN5USBDM9Uart0Info22getInputClockFrequencyEv
                0x000014c4        0xe ./Startup_Code/console.o
                0x000014c4                USBDM::Uart0Info::getInputClockFrequency()
 *fill*         0x000014d2        0x2 
 .text._ZN5USBDM9Uart0Info8initPCRsEm
                0x000014d4       0x2c ./Startup_Code/console.o
                0x000014d4                USBDM::Uart0Info::initPCRs(unsigned long)
 .text._ZN5USBDM18FormattingSettingsC2Ev
                0x00001500       0x46 ./Startup_Code/console.o
                0x00001500                USBDM::FormattingSettings::FormattingSettings()
                0x00001500                USBDM::FormattingSettings::FormattingSettings()
 *fill*         0x00001546        0x2 
 .text._ZN5USBDM11FormattedIOC2Ev
                0x00001548       0x34 ./Startup_Code/console.o
                0x00001548                USBDM::FormattedIO::FormattedIO()
                0x00001548                USBDM::FormattedIO::FormattedIO()
 .text._ZN5USBDM11FormattedIOD2Ev
                0x0000157c       0x20 ./Startup_Code/console.o
                0x0000157c                USBDM::FormattedIO::~FormattedIO()
                0x0000157c                USBDM::FormattedIO::~FormattedIO()
 .text._ZN5USBDM11FormattedIOD0Ev
                0x0000159c       0x20 ./Startup_Code/console.o
                0x0000159c                USBDM::FormattedIO::~FormattedIO()
 .text._ZN5USBDM11FormattedIO9writeCharEc
                0x000015bc       0x24 ./Startup_Code/console.o
                0x000015bc                USBDM::FormattedIO::writeChar(char)
 .text._ZN5USBDM11FormattedIO5writeEc
                0x000015e0       0x20 ./Startup_Code/console.o
                0x000015e0                USBDM::FormattedIO::write(char)
 .text._ZN5USBDM11FormattedIO7writelnEv
                0x00001600       0x1a ./Startup_Code/console.o
                0x00001600                USBDM::FormattedIO::writeln()
 .text._ZN5USBDM11FormattedIO5writeEPKc
                0x0000161a       0x2e ./Startup_Code/console.o
                0x0000161a                USBDM::FormattedIO::write(char const*)
 .text._ZN5USBDM11FormattedIO7writelnEPKc
                0x00001648       0x22 ./Startup_Code/console.o
                0x00001648                USBDM::FormattedIO::writeln(char const*)
 .text._ZN5USBDM11FormattedIO7setEchoENS_8EchoModeE
                0x0000166a       0x1e ./Startup_Code/console.o
                0x0000166a                USBDM::FormattedIO::setEcho(USBDM::EchoMode)
 .text._ZN5USBDM4Uart16_isCharAvailableEv
                0x00001688       0x28 ./Startup_Code/console.o
                0x00001688                USBDM::Uart::_isCharAvailable()
 .text._ZN5USBDM4Uart9_readCharEv
                0x000016b0       0x42 ./Startup_Code/console.o
                0x000016b0                USBDM::Uart::_readChar()
 .text._ZN5USBDM4Uart10_writeCharEc
                0x000016f2       0x46 ./Startup_Code/console.o
                0x000016f2                USBDM::Uart::_writeChar(char)
 .text._ZN5USBDM4UartC2ERV9UART_Type
                0x00001738       0x2c ./Startup_Code/console.o
                0x00001738                USBDM::Uart::Uart(UART_Type volatile&)
                0x00001738                USBDM::Uart::Uart(UART_Type volatile&)
 .text._ZN5USBDM4UartD2Ev
                0x00001764       0x24 ./Startup_Code/console.o
                0x00001764                USBDM::Uart::~Uart()
                0x00001764                USBDM::Uart::~Uart()
 .text._ZN5USBDM4UartD0Ev
                0x00001788       0x20 ./Startup_Code/console.o
                0x00001788                USBDM::Uart::~Uart()
 .text._ZN5USBDM4Uart16setBaudRate_brfaEmm
                0x000017a8       0x8c ./Startup_Code/console.o
                0x000017a8                USBDM::Uart::setBaudRate_brfa(unsigned long, unsigned long)
 .text._ZN5USBDM4Uart11flushOutputEv
                0x00001834       0x2e ./Startup_Code/console.o
                0x00001834                USBDM::Uart::flushOutput()
 .text._ZN5USBDM4Uart10flushInputEv
                0x00001862       0x20 ./Startup_Code/console.o
                0x00001862                USBDM::Uart::flushInput()
 *fill*         0x00001882        0x2 
 .text.console_initialise
                0x00001884       0x28 ./Startup_Code/console.o
                0x00001884                console_initialise
 .text._ZN5USBDM9log_errorEPKc
                0x000018ac       0x1c ./Startup_Code/console.o
                0x000018ac                USBDM::log_error(char const*)
 .text._ZN5USBDM11Uart_brfa_TINS_9Uart0InfoEEC2Ej
                0x000018c8       0x30 ./Startup_Code/console.o
                0x000018c8                USBDM::Uart_brfa_T<USBDM::Uart0Info>::Uart_brfa_T(unsigned int)
                0x000018c8                USBDM::Uart_brfa_T<USBDM::Uart0Info>::Uart_brfa_T(unsigned int)
 .text._ZN5USBDM11Uart_brfa_TINS_9Uart0InfoEE11setBaudRateEj
                0x000018f8       0x24 ./Startup_Code/console.o
                0x000018f8                USBDM::Uart_brfa_T<USBDM::Uart0Info>::setBaudRate(unsigned int)
 .text._ZN5USBDM6Uart_TINS_9Uart0InfoEEC2Ev
                0x0000191c       0x40 ./Startup_Code/console.o
                0x0000191c                USBDM::Uart_T<USBDM::Uart0Info>::Uart_T()
                0x0000191c                USBDM::Uart_T<USBDM::Uart0Info>::Uart_T()
 .text._ZN5USBDM6Uart_TINS_9Uart0InfoEED2Ev
                0x0000195c       0x24 ./Startup_Code/console.o
                0x0000195c                USBDM::Uart_T<USBDM::Uart0Info>::~Uart_T()
                0x0000195c                USBDM::Uart_T<USBDM::Uart0Info>::~Uart_T()
 .text._ZN5USBDM6Uart_TINS_9Uart0InfoEED0Ev
                0x00001980       0x20 ./Startup_Code/console.o
                0x00001980                USBDM::Uart_T<USBDM::Uart0Info>::~Uart_T()
 .text._ZN5USBDM6Uart_TINS_9Uart0InfoEE24setNvicInterruptPriorityEm
                0x000019a0       0x2e ./Startup_Code/console.o
                0x000019a0                USBDM::Uart_T<USBDM::Uart0Info>::setNvicInterruptPriority(unsigned long)
 *fill*         0x000019ce        0x2 
 .text._Z41__static_initialization_and_destruction_0ii
                0x000019d0       0x44 ./Startup_Code/console.o
 .text._ZN5USBDM11Uart_brfa_TINS_9Uart0InfoEED2Ev
                0x00001a14       0x24 ./Startup_Code/console.o
                0x00001a14                USBDM::Uart_brfa_T<USBDM::Uart0Info>::~Uart_brfa_T()
                0x00001a14                USBDM::Uart_brfa_T<USBDM::Uart0Info>::~Uart_brfa_T()
 .text._ZN5USBDM11Uart_brfa_TINS_9Uart0InfoEED0Ev
                0x00001a38       0x20 ./Startup_Code/console.o
                0x00001a38                USBDM::Uart_brfa_T<USBDM::Uart0Info>::~Uart_brfa_T()
 .text._ZN5USBDM6Uart_TINS_9Uart0InfoEE10clearErrorEv
                0x00001a58       0x18 ./Startup_Code/console.o
                0x00001a58                USBDM::Uart_T<USBDM::Uart0Info>::clearError()
 .text._GLOBAL__sub_I__ZN5USBDM7consoleE
                0x00001a70       0x10 ./Startup_Code/console.o
 .text.NVIC_EnableIRQ
                0x00001a80       0x34 ./Startup_Code/mcg.o
 .text._ZN5USBDML12setErrorCodeENS_9ErrorCodeE
                0x00001ab4       0x20 ./Startup_Code/mcg.o
 .text._ZN5USBDML16enablePortClocksEm
                0x00001ad4       0x34 ./Startup_Code/mcg.o
 .text._ZN5USBDM8Osc0Info11getOscClockEv
                0x00001b08       0x14 ./Startup_Code/mcg.o
                0x00001b08                USBDM::Osc0Info::getOscClock()
 .text._ZN5USBDM8Osc0Info8initPCRsEm
                0x00001b1c       0x28 ./Startup_Code/mcg.o
                0x00001b1c                USBDM::Osc0Info::initPCRs(unsigned long)
 .text._ZN5USBDM7RtcInfo11enableClockEv
                0x00001b44       0x28 ./Startup_Code/mcg.o
                0x00001b44                USBDM::RtcInfo::enableClock()
 .text._ZN5USBDM7RtcInfo16getInternalClockEv
                0x00001b6c       0x24 ./Startup_Code/mcg.o
                0x00001b6c                USBDM::RtcInfo::getInternalClock()
 .text._ZN5USBDM7RtcInfo8initPCRsEm
                0x00001b90       0x12 ./Startup_Code/mcg.o
                0x00001b90                USBDM::RtcInfo::initPCRs(unsigned long)
 *fill*         0x00001ba2        0x2 
 .text._ZN5USBDM7McgInfo11getErcClockEv
                0x00001ba4       0x34 ./Startup_Code/mcg.o
                0x00001ba4                USBDM::McgInfo::getErcClock()
 .text._ZN5USBDM7McgInfo19getInternalIrcClockEv
                0x00001bd8       0x44 ./Startup_Code/mcg.o
                0x00001bd8                USBDM::McgInfo::getInternalIrcClock()
 .text._ZN5USBDM7SimInfo8initRegsEv
                0x00001c1c       0x70 ./Startup_Code/mcg.o
                0x00001c1c                USBDM::SimInfo::initRegs()
 .text._ZN5USBDM3Mcg14setSysDividersEm
                0x00001c8c       0x24 ./Startup_Code/mcg.o
                0x00001c8c                USBDM::Mcg::setSysDividers(unsigned long)
 .text._ZN5USBDM3Mcg20enableNvicInterruptsEv
                0x00001cb0       0x10 ./Startup_Code/mcg.o
                0x00001cb0                USBDM::Mcg::enableNvicInterrupts()
 .text._ZN5USBDM3Mcg10initialiseEv
                0x00001cc0        0xc ./Startup_Code/mcg.o
                0x00001cc0                USBDM::Mcg::initialise()
 .text._ZN5USBDM3Mcg15clockTransitionERKNS_7McgInfo9ClockInfoE
                0x00001ccc      0x340 ./Startup_Code/mcg.o
                0x00001ccc                USBDM::Mcg::clockTransition(USBDM::McgInfo::ClockInfo const&)
 .text._ZN5USBDM3Mcg21SystemCoreClockUpdateEv
                0x0000200c      0x264 ./Startup_Code/mcg.o
                0x0000200c                USBDM::Mcg::SystemCoreClockUpdate()
 .text._ZN5USBDM3Mcg16defaultConfigureEv
                0x00002270       0x28 ./Startup_Code/mcg.o
                0x00002270                USBDM::Mcg::defaultConfigure()
 .text.clock_initialise
                0x00002298       0x14 ./Startup_Code/mcg.o
                0x00002298                clock_initialise
 .text._ZN5USBDM9OscBase_TINS_8Osc0InfoEE10initialiseEv
                0x000022ac        0xc ./Startup_Code/mcg.o
                0x000022ac                USBDM::OscBase_T<USBDM::Osc0Info>::initialise()
 .text._ZN5USBDM9RtcBase_TINS_7RtcInfoEE10initialiseEv
                0x000022b8        0xc ./Startup_Code/mcg.o
                0x000022b8                USBDM::RtcBase_T<USBDM::RtcInfo>::initialise()
 .text._ZN5USBDM9OscBase_TINS_8Osc0InfoEE16defaultConfigureEv
                0x000022c4       0x1c ./Startup_Code/mcg.o
                0x000022c4                USBDM::OscBase_T<USBDM::Osc0Info>::defaultConfigure()
 .text._ZN5USBDM9RtcBase_TINS_7RtcInfoEE16defaultConfigureEv
                0x000022e0       0xbc ./Startup_Code/mcg.o
                0x000022e0                USBDM::RtcBase_T<USBDM::RtcInfo>::defaultConfigure()
 .text._ZN5USBDM9RtcBase_TINS_7RtcInfoEE3rtcEv
                0x0000239c       0x14 ./Startup_Code/mcg.o
                0x0000239c                USBDM::RtcBase_T<USBDM::RtcInfo>::rtc()
 .text._exit    0x000023b0        0xc ./Startup_Code/newlib_stubs.o
                0x000023b0                _exit
 .text.__cxa_pure_virtual
                0x000023bc        0xa ./Startup_Code/system-gcc.o
                0x000023bc                __cxa_pure_virtual
 .text.rtc_initialise
                0x000023c6        0xc ./Startup_Code/system.o
                0x000023c6                rtc_initialise
 .text.software_init_hook
                0x000023d2        0xc ./Startup_Code/system.o
                0x000023d2                software_init_hook
 *fill*         0x000023de        0x2 
 .text.SystemInitLowLevel
                0x000023e0       0x48 ./Startup_Code/system.o
                0x000023e0                SystemInitLowLevel
 .text.SystemInit
                0x00002428       0x18 ./Startup_Code/system.o
                0x00002428                SystemInit
 .text._ZN5USBDM9PmcBase_TINS_7PmcInfoEE11releasePinsEv
                0x00002440       0x20 ./Startup_Code/system.o
                0x00002440                USBDM::PmcBase_T<USBDM::PmcInfo>::releasePins()
 .text._ZN5USBDML20setAndCheckErrorCodeENS_9ErrorCodeE
                0x00002460       0x20 ./Startup_Code/vectors.o
 .text._ZN5USBDM7FtmBase17unhandledCallbackEv
                0x00002480        0xe ./Startup_Code/vectors.o
                0x00002480                USBDM::FtmBase::unhandledCallback()
 .text._ZN5USBDM11FormattedIO10setPaddingENS_7PaddingE
                0x0000248e       0x1e ./Startup_Code/vectors.o
                0x0000248e                USBDM::FormattedIO::setPadding(USBDM::Padding)
 .text._ZN5USBDM11FormattedIO8setWidthEj
                0x000024ac       0x1e ./Startup_Code/vectors.o
                0x000024ac                USBDM::FormattedIO::setWidth(unsigned int)
 *fill*         0x000024ca        0x2 
 .text._ZN5USBDM11FormattedIO5ultoaEPcmNS_5RadixENS_7PaddingEib
                0x000024cc      0x170 ./Startup_Code/vectors.o
                0x000024cc                USBDM::FormattedIO::ultoa(char*, unsigned long, USBDM::Radix, USBDM::Padding, int, bool)
 .text._ZN5USBDM11FormattedIO5writeEmNS_5RadixE
                0x0000263c       0x42 ./Startup_Code/vectors.o
                0x0000263c                USBDM::FormattedIO::write(unsigned long, USBDM::Radix)
 .text._ZN5USBDM11FormattedIO7writelnEmNS_5RadixE
                0x0000267e       0x2a ./Startup_Code/vectors.o
                0x0000267e                USBDM::FormattedIO::writeln(unsigned long, USBDM::Radix)
 .text._ZN5USBDM11FormattedIO7writelnEPKvNS_5RadixE
                0x000026a8       0x24 ./Startup_Code/vectors.o
                0x000026a8                USBDM::FormattedIO::writeln(void const*, USBDM::Radix)
 .text._ZN5USBDM11FormattedIO7writelnEjNS_5RadixE
                0x000026cc       0x24 ./Startup_Code/vectors.o
                0x000026cc                USBDM::FormattedIO::writeln(unsigned int, USBDM::Radix)
 .text.Default_Handler
                0x000026f0       0x20 ./Startup_Code/vectors.o
                0x000026f0                RTC_Alarm_IRQHandler
                0x000026f0                DebugMon_Handler
                0x000026f0                I2C0_IRQHandler
                0x000026f0                SysTick_Handler
                0x000026f0                PendSV_Handler
                0x000026f0                NMI_Handler
                0x000026f0                DMA2_IRQHandler
                0x000026f0                LLWU_IRQHandler
                0x000026f0                TSI0_IRQHandler
                0x000026f0                SWI_IRQHandler
                0x000026f0                ADC0_IRQHandler
                0x000026f0                UsageFault_Handler
                0x000026f0                I2S0_Tx_IRQHandler
                0x000026f0                CMT_IRQHandler
                0x000026f0                CMP1_IRQHandler
                0x000026f0                PORTD_IRQHandler
                0x000026f0                PORTB_IRQHandler
                0x000026f0                USBDCD0_IRQHandler
                0x000026f0                I2S0_Rx_IRQHandler
                0x000026f0                PDB0_IRQHandler
                0x000026f0                FTM1_IRQHandler
                0x000026f0                UART0_RxTx_IRQHandler
                0x000026f0                RTC_Seconds_IRQHandler
                0x000026f0                MCG_IRQHandler
                0x000026f0                Default_Handler
                0x000026f0                UART0_Error_IRQHandler
                0x000026f0                UART1_RxTx_IRQHandler
                0x000026f0                USB0_IRQHandler
                0x000026f0                MemManage_Handler
                0x000026f0                SVC_Handler
                0x000026f0                UART0_Lon_IRQHandler
                0x000026f0                DMA3_IRQHandler
                0x000026f0                DMA0_IRQHandler
                0x000026f0                FTF_ReadCollision_IRQHandler
                0x000026f0                UART1_Error_IRQHandler
                0x000026f0                UART2_Error_IRQHandler
                0x000026f0                UART2_RxTx_IRQHandler
                0x000026f0                PMC_IRQHandler
                0x000026f0                DMA_Error_IRQHandler
                0x000026f0                SPI0_IRQHandler
                0x000026f0                FTF_Command_IRQHandler
                0x000026f0                PORTA_IRQHandler
                0x000026f0                PORTE_IRQHandler
                0x000026f0                WDOG_IRQHandler
                0x000026f0                LPTMR0_IRQHandler
                0x000026f0                BusFault_Handler
                0x000026f0                CMP0_IRQHandler
                0x000026f0                PORTC_IRQHandler
                0x000026f0                DMA1_IRQHandler
 .text.HardFault_Handler
                0x00002710       0x16 ./Startup_Code/vectors.o
                0x00002710                HardFault_Handler
 *fill*         0x00002726        0x2 
 .text._HardFault_Handler
                0x00002728      0x1b0 ./Startup_Code/vectors.o
                0x00002728                _HardFault_Handler
 .text._ZN5USBDM9FtmBase_TINS_8Ftm0InfoEE10irqHandlerEv
                0x000028d8       0xa4 ./Startup_Code/vectors.o
                0x000028d8                USBDM::FtmBase_T<USBDM::Ftm0Info>::irqHandler()
 .text._ZN5USBDM9PitBase_TINS_7PitInfoEE7ChannelILi0EE10irqHandlerEv
                0x0000297c       0x3c ./Startup_Code/vectors.o
                0x0000297c                USBDM::PitBase_T<USBDM::PitInfo>::Channel<0>::irqHandler()
 .text._ZN5USBDM9PitBase_TINS_7PitInfoEE7ChannelILi1EE10irqHandlerEv
                0x000029b8       0x3c ./Startup_Code/vectors.o
                0x000029b8                USBDM::PitBase_T<USBDM::PitInfo>::Channel<1>::irqHandler()
 .text._ZN5USBDM9PitBase_TINS_7PitInfoEE7ChannelILi2EE10irqHandlerEv
                0x000029f4       0x3c ./Startup_Code/vectors.o
                0x000029f4                USBDM::PitBase_T<USBDM::PitInfo>::Channel<2>::irqHandler()
 .text._ZN5USBDM9PitBase_TINS_7PitInfoEE7ChannelILi3EE10irqHandlerEv
                0x00002a30       0x3c ./Startup_Code/vectors.o
                0x00002a30                USBDM::PitBase_T<USBDM::PitInfo>::Channel<3>::irqHandler()
 .text._ZN5USBDM9PitBase_TINS_7PitInfoEE17unhandledCallbackEv
                0x00002a6c        0xe ./Startup_Code/vectors.o
                0x00002a6c                USBDM::PitBase_T<USBDM::PitInfo>::unhandledCallback()
 *fill*         0x00002a7a        0x2 
 .text._ZN5USBDM9PitBase_TINS_7PitInfoEE14disableChannelENS_13PitChannelNumE
                0x00002a7c       0x34 ./Startup_Code/vectors.o
                0x00002a7c                USBDM::PitBase_T<USBDM::PitInfo>::disableChannel(USBDM::PitChannelNum)
 .text._ZN5USBDML12setErrorCodeENS_9ErrorCodeE
                0x00002ab0       0x20 ./Sources/MusicBox.o
 .text._ZN5USBDML16enablePortClocksEm
                0x00002ad0       0x34 ./Sources/MusicBox.o
 .text._ZN5USBDM8Osc0Info13getOscerClockEv
                0x00002b04       0x28 ./Sources/MusicBox.o
                0x00002b04                USBDM::Osc0Info::getOscerClock()
 .text._ZN5USBDM8Adc0Info22getInputClockFrequencyENS_14AdcClockSourceE
                0x00002b2c       0x54 ./Sources/MusicBox.o
                0x00002b2c                USBDM::Adc0Info::getInputClockFrequency(USBDM::AdcClockSource)
 .text._ZN5USBDM8Adc0Info11enableClockEv
                0x00002b80       0x28 ./Sources/MusicBox.o
                0x00002b80                USBDM::Adc0Info::enableClock()
 .text._Z7initADCv
                0x00002ba8       0x32 ./Sources/MusicBox.o
                0x00002ba8                initADC()
 .text.main     0x00002bda       0x1e ./Sources/MusicBox.o
                0x00002bda                main
 .text._ZN5USBDM9AdcBase_TINS_8Adc0InfoEE9configureENS_13AdcResolutionENS_14AdcClockSourceENS_9AdcSampleENS_8AdcPowerENS_9AdcMuxselENS_13AdcClockRangeENS_13AdcAsyncClockE
                0x00002bf8       0x82 ./Sources/MusicBox.o
                0x00002bf8                USBDM::AdcBase_T<USBDM::Adc0Info>::configure(USBDM::AdcResolution, USBDM::AdcClockSource, USBDM::AdcSample, USBDM::AdcPower, USBDM::AdcMuxsel, USBDM::AdcClockRange, USBDM::AdcAsyncClock)
 .text._ZN5USBDM9AdcBase_TINS_8Adc0InfoEE9calibrateEv
                0x00002c7a      0x14e ./Sources/MusicBox.o
                0x00002c7a                USBDM::AdcBase_T<USBDM::Adc0Info>::calibrate()
 .text._ZN5USBDM9AdcBase_TINS_8Adc0InfoEE12setAveragingENS_12AdcAveragingE
                0x00002dc8       0x2c ./Sources/MusicBox.o
                0x00002dc8                USBDM::AdcBase_T<USBDM::Adc0Info>::setAveraging(USBDM::AdcAveraging)
 .text._ZN5USBDM9AdcBase_TINS_8Adc0InfoEE7ChannelILi14EE8setInputEv
                0x00002df4       0x10 ./Sources/MusicBox.o
                0x00002df4                USBDM::AdcBase_T<USBDM::Adc0Info>::Channel<14>::setInput()
 .text._ZN5USBDM9AdcBase_TINS_8Adc0InfoEE7ChannelILi14EE12readAnalogueEv
                0x00002e04       0x10 ./Sources/MusicBox.o
                0x00002e04                USBDM::AdcBase_T<USBDM::Adc0Info>::Channel<14>::readAnalogue()
 .text._ZN5USBDM9AdcBase_TINS_8Adc0InfoEE6enableEv
                0x00002e14       0x12 ./Sources/MusicBox.o
                0x00002e14                USBDM::AdcBase_T<USBDM::Adc0Info>::enable()
 *fill*         0x00002e26        0x2 
 .text._ZN5USBDM9AdcBase_TINS_8Adc0InfoEE3adcEv
                0x00002e28       0x14 ./Sources/MusicBox.o
                0x00002e28                USBDM::AdcBase_T<USBDM::Adc0Info>::adc()
 .text._ZN5USBDM9AdcBase_TINS_8Adc0InfoEE21calculateClockDividerENS_14AdcClockSourceENS_13AdcClockRangeENS_8AdcPowerE
                0x00002e3c       0xa8 ./Sources/MusicBox.o
                0x00002e3c                USBDM::AdcBase_T<USBDM::Adc0Info>::calculateClockDivider(USBDM::AdcClockSource, USBDM::AdcClockRange, USBDM::AdcPower)
 .text._ZN5USBDM5Pcr_TILm2048ELm1074049024EL9IRQn_Type42ELi0ELm0EE6setPCREm
                0x00002ee4       0x22 ./Sources/MusicBox.o
                0x00002ee4                USBDM::Pcr_T<2048ul, 1074049024ul, (IRQn_Type)42, 0, 0ul>::setPCR(unsigned long)
 .text._ZN5USBDM9AdcBase_TINS_8Adc0InfoEE12readAnalogueEi
                0x00002f06       0x4a ./Sources/MusicBox.o
                0x00002f06                USBDM::AdcBase_T<USBDM::Adc0Info>::readAnalogue(int)
 .text._ZN5USBDM5Pcr_TILm2048ELm1074049024EL9IRQn_Type42ELi0ELm0EE6pcrRegEv
                0x00002f50       0x14 ./Sources/MusicBox.o
                0x00002f50                USBDM::Pcr_T<2048ul, 1074049024ul, (IRQn_Type)42, 0, 0ul>::pcrReg()
 .text._ZN5USBDML12setErrorCodeENS_9ErrorCodeE
                0x00002f64       0x20 ./Sources/Note.o
 .text._ZN5USBDML20setAndCheckErrorCodeENS_9ErrorCodeE
                0x00002f84       0x20 ./Sources/Note.o
 .text._ZN5USBDM13_usbdm_assertEPKc
                0x00002fa4       0x16 ./Sources/Note.o
                0x00002fa4                USBDM::_usbdm_assert(char const*)
 *fill*         0x00002fba        0x2 
 .text._ZN5USBDML16enablePortClocksEm
                0x00002fbc       0x34 ./Sources/Note.o
 .text._ZN5USBDM8Ftm0Info22getInputClockFrequencyEv
                0x00002ff0       0x44 ./Sources/Note.o
                0x00002ff0                USBDM::Ftm0Info::getInputClockFrequency()
 .text._ZN5USBDM8Ftm0Info11enableClockEv
                0x00003034       0x28 ./Sources/Note.o
                0x00003034                USBDM::Ftm0Info::enableClock()
 .text._ZN5USBDM7FtmBase24unhandledChannelCallbackEh
                0x0000305c       0x18 ./Sources/Note.o
                0x0000305c                USBDM::FtmBase::unhandledChannelCallback(unsigned char)
 .text._ZL11ftmCallbackh
                0x00003074       0x2c ./Sources/Note.o
 .text._Z15initialiseNotesv
                0x000030a0       0x58 ./Sources/Note.o
                0x000030a0                initialiseNotes()
 .text._Z16setNoteFrequencyt
                0x000030f8       0x4c ./Sources/Note.o
                0x000030f8                setNoteFrequency(unsigned short)
 .text._ZN5USBDM9FtmBase_TINS_8Ftm0InfoEE7ChannelILi6EE17setDeltaEventTimeEt
                0x00003144       0x1c ./Sources/Note.o
                0x00003144                USBDM::FtmBase_T<USBDM::Ftm0Info>::Channel<6>::setDeltaEventTime(unsigned short)
 .text._ZN5USBDM9FtmBase_TINS_8Ftm0InfoEE9configureENS_7FtmModeENS_14FtmClockSourceENS_11FtmPrescaleE
                0x00003160       0x78 ./Sources/Note.o
                0x00003160                USBDM::FtmBase_T<USBDM::Ftm0Info>::configure(USBDM::FtmMode, USBDM::FtmClockSource, USBDM::FtmPrescale)
 .text._ZN5USBDM9FtmBase_TINS_8Ftm0InfoEE18setMaximumIntervalEf
                0x000031d8       0x74 ./Sources/Note.o
                0x000031d8                USBDM::FtmBase_T<USBDM::Ftm0Info>::setMaximumInterval(float)
 .text._ZN5USBDM9FtmBase_TINS_8Ftm0InfoEE7ChannelILi6EE9setOutputENS_16PinDriveStrengthENS_12PinDriveModeENS_11PinSlewRateE
                0x0000324c       0x3e ./Sources/Note.o
                0x0000324c                USBDM::FtmBase_T<USBDM::Ftm0Info>::Channel<6>::setOutput(USBDM::PinDriveStrength, USBDM::PinDriveMode, USBDM::PinSlewRate)
 .text._ZN5USBDM9FtmBase_TINS_8Ftm0InfoEE20enableNvicInterruptsEm
                0x0000328a       0x1a ./Sources/Note.o
                0x0000328a                USBDM::FtmBase_T<USBDM::Ftm0Info>::enableNvicInterrupts(unsigned long)
 .text._ZN5USBDM9FtmBase_TINS_8Ftm0InfoEE7ChannelILi6EE20setRelativeEventTimeEt
                0x000032a4       0x1c ./Sources/Note.o
                0x000032a4                USBDM::FtmBase_T<USBDM::Ftm0Info>::Channel<6>::setRelativeEventTime(unsigned short)
 .text._ZN5USBDM9FtmBase_TINS_8Ftm0InfoEE7ChannelILi6EE18setChannelCallbackEPFvhE
                0x000032c0       0x18 ./Sources/Note.o
                0x000032c0                USBDM::FtmBase_T<USBDM::Ftm0Info>::Channel<6>::setChannelCallback(void (*)(unsigned char))
 .text._ZN5USBDM9FtmBase_TINS_8Ftm0InfoEE7ChannelILi6EE9configureENS_9FtmChModeENS_16FtmChannelActionE
                0x000032d8       0x30 ./Sources/Note.o
                0x000032d8                USBDM::FtmBase_T<USBDM::Ftm0Info>::Channel<6>::configure(USBDM::FtmChMode, USBDM::FtmChannelAction)
 .text._ZN5USBDM9FtmBase_TINS_8Ftm0InfoEE21convertSecondsToTicksEf
                0x00003308       0x84 ./Sources/Note.o
                0x00003308                USBDM::FtmBase_T<USBDM::Ftm0Info>::convertSecondsToTicks(float)
 .text._ZN5USBDM9FtmBase_TINS_8Ftm0InfoEE17setDeltaEventTimeEti
                0x0000338c       0x38 ./Sources/Note.o
                0x0000338c                USBDM::FtmBase_T<USBDM::Ftm0Info>::setDeltaEventTime(unsigned short, int)
 .text._ZN5USBDM9FtmBase_TINS_8Ftm0InfoEE6enableEv
                0x000033c4       0x12 ./Sources/Note.o
                0x000033c4                USBDM::FtmBase_T<USBDM::Ftm0Info>::enable()
 *fill*         0x000033d6        0x2 
 .text._ZN5USBDM9FtmBase_TINS_8Ftm0InfoEE25calculateTimingParametersEfRjS3_
                0x000033d8       0xf0 ./Sources/Note.o
                0x000033d8                USBDM::FtmBase_T<USBDM::Ftm0Info>::calculateTimingParameters(float, unsigned int&, unsigned int&)
 .text._ZN5USBDM7FtmBase15CheckPinMappingINS_8Ftm0InfoELi6EE5checkEv
                0x000034c8        0xc ./Sources/Note.o
                0x000034c8                USBDM::FtmBase::CheckPinMapping<USBDM::Ftm0Info, 6>::check()
 .text._ZN5USBDM5Pcr_TILm512ELm1074040832EL9IRQn_Type40ELi1ELm768EE6setPCREm
                0x000034d4       0x22 ./Sources/Note.o
                0x000034d4                USBDM::Pcr_T<512ul, 1074040832ul, (IRQn_Type)40, 1, 768ul>::setPCR(unsigned long)
 *fill*         0x000034f6        0x2 
 .text._ZN5USBDM9FtmBase_TINS_8Ftm0InfoEE20setRelativeEventTimeEti
                0x000034f8       0x34 ./Sources/Note.o
                0x000034f8                USBDM::FtmBase_T<USBDM::Ftm0Info>::setRelativeEventTime(unsigned short, int)
 .text._ZN5USBDM9FtmBase_TINS_8Ftm0InfoEE18setChannelCallbackEPFvhE
                0x0000352c       0x58 ./Sources/Note.o
                0x0000352c                USBDM::FtmBase_T<USBDM::Ftm0Info>::setChannelCallback(void (*)(unsigned char))
 .text._ZN5USBDM9FtmBase_TINS_8Ftm0InfoEE23getTickFrequencyAsFloatEv
                0x00003584       0x44 ./Sources/Note.o
                0x00003584                USBDM::FtmBase_T<USBDM::Ftm0Info>::getTickFrequencyAsFloat()
 .text._ZN5USBDM5Pcr_TILm512ELm1074040832EL9IRQn_Type40ELi1ELm768EE6pcrRegEv
                0x000035c8       0x14 ./Sources/Note.o
                0x000035c8                USBDM::Pcr_T<512ul, 1074040832ul, (IRQn_Type)40, 1, 768ul>::pcrReg()
 .text.NVIC_DisableIRQ
                0x000035dc       0x34 ./Sources/Tune.o
 .text._ZN5USBDML12setErrorCodeENS_9ErrorCodeE
                0x00003610       0x20 ./Sources/Tune.o
 .text._ZN5USBDM7PitInfo11enableClockEv
                0x00003630       0x28 ./Sources/Tune.o
                0x00003630                USBDM::PitInfo::enableClock()
 .text._ZN5USBDMplENS_13PitChannelNumEj
                0x00003658       0x1a ./Sources/Tune.o
                0x00003658                USBDM::operator+(USBDM::PitChannelNum, unsigned int)
 .text._ZN5USBDMplENS_13PitChannelNumEi
                0x00003672       0x1e ./Sources/Tune.o
                0x00003672                USBDM::operator+(USBDM::PitChannelNum, int)
 .text._Z9startTunef
                0x00003690       0x40 ./Sources/Tune.o
                0x00003690                startTune(float)
 .text._Z8stopTunev
                0x000036d0       0x26 ./Sources/Tune.o
                0x000036d0                stopTune()
 *fill*         0x000036f6        0x2 
 .text._Z12playTuneOncev
                0x000036f8       0x1c ./Sources/Tune.o
                0x000036f8                playTuneOnce()
 .text._Z11PitCallbackv
                0x00003714       0x78 ./Sources/Tune.o
                0x00003714                PitCallback()
 .text._ZN5USBDM9PitBase_TINS_7PitInfoEE9configureENS_12PitDebugModeE
                0x0000378c       0x4c ./Sources/Tune.o
                0x0000378c                USBDM::PitBase_T<USBDM::PitInfo>::configure(USBDM::PitDebugMode)
 .text._ZN5USBDM9PitBase_TINS_7PitInfoEE7ChannelILi0EE11setCallbackEPFvvE
                0x000037d8       0x18 ./Sources/Tune.o
                0x000037d8                USBDM::PitBase_T<USBDM::PitInfo>::Channel<0>::setCallback(void (*)())
 .text._ZN5USBDM9PitBase_TINS_7PitInfoEE7ChannelILi0EE20enableNvicInterruptsEm
                0x000037f0       0x18 ./Sources/Tune.o
                0x000037f0                USBDM::PitBase_T<USBDM::PitInfo>::Channel<0>::enableNvicInterrupts(unsigned long)
 .text._ZN5USBDM9PitBase_TINS_7PitInfoEE6enableEv
                0x00003808       0x12 ./Sources/Tune.o
                0x00003808                USBDM::PitBase_T<USBDM::PitInfo>::enable()
 *fill*         0x0000381a        0x2 
 .text._ZN5USBDM9PitBase_TINS_7PitInfoEE21disableNvicInterruptsENS_13PitChannelNumE
                0x0000381c       0x34 ./Sources/Tune.o
                0x0000381c                USBDM::PitBase_T<USBDM::PitInfo>::disableNvicInterrupts(USBDM::PitChannelNum)
 .text._ZN5USBDM9PitBase_TINS_7PitInfoEE11setCallbackENS_13PitChannelNumEPFvvE
                0x00003850       0x34 ./Sources/Tune.o
                0x00003850                USBDM::PitBase_T<USBDM::PitInfo>::setCallback(USBDM::PitChannelNum, void (*)())
 .text._ZN5USBDM9PitBase_TINS_7PitInfoEE16configureChannelENS_13PitChannelNumEfNS_13PitChannelIrqE
                0x00003884       0x2a ./Sources/Tune.o
                0x00003884                USBDM::PitBase_T<USBDM::PitInfo>::configureChannel(USBDM::PitChannelNum, float, USBDM::PitChannelIrq)
 *fill*         0x000038ae        0x2 
 .text._ZN5USBDM9PitBase_TINS_7PitInfoEE20enableNvicInterruptsENS_13PitChannelNumEm
                0x000038b0       0x38 ./Sources/Tune.o
                0x000038b0                USBDM::PitBase_T<USBDM::PitInfo>::enableNvicInterrupts(USBDM::PitChannelNum, unsigned long)
 .text._ZN5USBDM9PitBase_TINS_7PitInfoEE23configureChannelInTicksENS_13PitChannelNumEmNS_13PitChannelIrqE
                0x000038e8       0x7c ./Sources/Tune.o
                0x000038e8                USBDM::PitBase_T<USBDM::PitInfo>::configureChannelInTicks(USBDM::PitChannelNum, unsigned long, USBDM::PitChannelIrq)
 .text._ZN5USBDM9PitBase_TINS_7PitInfoEE21convertSecondsToTicksEf
                0x00003964       0xac ./Sources/Tune.o
                0x00003964                USBDM::PitBase_T<USBDM::PitInfo>::convertSecondsToTicks(float)
 .text.NVIC_EnableIRQ
                0x00003a10       0x34 ./Sources/usbdmError.o
 .text.NVIC_ClearPendingIRQ
                0x00003a44       0x34 ./Sources/usbdmError.o
 .text.NVIC_SetPriority
                0x00003a78       0x54 ./Sources/usbdmError.o
 .text._ZN5USBDM15getErrorMessageENS_9ErrorCodeE
                0x00003acc       0x2c ./Sources/usbdmError.o
                0x00003acc                USBDM::getErrorMessage(USBDM::ErrorCode)
 .text._ZN5USBDM10checkErrorEv
                0x00003af8       0x50 ./Sources/usbdmError.o
                0x00003af8                USBDM::checkError()
 .text.cpp_initialise
                0x00003b48        0xc ./Sources/usbdmError.o
                0x00003b48                cpp_initialise
 .text._ZN5USBDM19enableNvicInterruptE9IRQn_Typem
                0x00003b54       0x34 ./Sources/usbdmError.o
                0x00003b54                USBDM::enableNvicInterrupt(IRQn_Type, unsigned long)
 .text.__aeabi_atexit
                0x00003b88        0xa c:/program files (x86)/eclipse foundation/eclipse cdt/gnu tools arm embedded/bin/../lib/gcc/arm-none-eabi/9.3.1/../../../../arm-none-eabi/lib/thumb/v7e-m/nofp\libstdc++_nano.a(atexit_arm.o)
                0x00003b88                __aeabi_atexit
 .text._ZdlPvj  0x00003b92        0x4 c:/program files (x86)/eclipse foundation/eclipse cdt/gnu tools arm embedded/bin/../lib/gcc/arm-none-eabi/9.3.1/../../../../arm-none-eabi/lib/thumb/v7e-m/nofp\libstdc++_nano.a(del_ops.o)
                0x00003b92                operator delete(void*, unsigned int)
 .text._ZdlPv   0x00003b96        0x4 c:/program files (x86)/eclipse foundation/eclipse cdt/gnu tools arm embedded/bin/../lib/gcc/arm-none-eabi/9.3.1/../../../../arm-none-eabi/lib/thumb/v7e-m/nofp\libstdc++_nano.a(del_op.o)
                0x00003b96                operator delete(void*)
 *fill*         0x00003b9a        0x2 
 .text.round    0x00003b9c       0x94 c:/program files (x86)/eclipse foundation/eclipse cdt/gnu tools arm embedded/bin/../lib/gcc/arm-none-eabi/9.3.1/../../../../arm-none-eabi/lib/thumb/v7e-m/nofp\libm.a(lib_a-s_round.o)
                0x00003b9c                round
 .text.rintf    0x00003c30       0xa8 c:/program files (x86)/eclipse foundation/eclipse cdt/gnu tools arm embedded/bin/../lib/gcc/arm-none-eabi/9.3.1/../../../../arm-none-eabi/lib/thumb/v7e-m/nofp\libm.a(lib_a-sf_rint.o)
                0x00003c30                rintf
 .text.__cxa_atexit
                0x00003cd8       0x1c c:/program files (x86)/eclipse foundation/eclipse cdt/gnu tools arm embedded/bin/../lib/gcc/arm-none-eabi/9.3.1/../../../../arm-none-eabi/lib/thumb/v7e-m/nofp\libg_nano.a(lib_a-cxa_atexit.o)
                0x00003cd8                __cxa_atexit
 .text.exit     0x00003cf4       0x28 c:/program files (x86)/eclipse foundation/eclipse cdt/gnu tools arm embedded/bin/../lib/gcc/arm-none-eabi/9.3.1/../../../../arm-none-eabi/lib/thumb/v7e-m/nofp\libg_nano.a(lib_a-exit.o)
                0x00003cf4                exit
 .text.__libc_init_array
                0x00003d1c       0x48 c:/program files (x86)/eclipse foundation/eclipse cdt/gnu tools arm embedded/bin/../lib/gcc/arm-none-eabi/9.3.1/../../../../arm-none-eabi/lib/thumb/v7e-m/nofp\libg_nano.a(lib_a-init.o)
                0x00003d1c                __libc_init_array
 .text.free     0x00003d64       0x10 c:/program files (x86)/eclipse foundation/eclipse cdt/gnu tools arm embedded/bin/../lib/gcc/arm-none-eabi/9.3.1/../../../../arm-none-eabi/lib/thumb/v7e-m/nofp\libg_nano.a(lib_a-malloc.o)
                0x00003d64                free
 .text.memset   0x00003d74       0x10 c:/program files (x86)/eclipse foundation/eclipse cdt/gnu tools arm embedded/bin/../lib/gcc/arm-none-eabi/9.3.1/../../../../arm-none-eabi/lib/thumb/v7e-m/nofp\libg_nano.a(lib_a-memset.o)
                0x00003d74                memset
 .text._free_r  0x00003d84       0x9c c:/program files (x86)/eclipse foundation/eclipse cdt/gnu tools arm embedded/bin/../lib/gcc/arm-none-eabi/9.3.1/../../../../arm-none-eabi/lib/thumb/v7e-m/nofp\libg_nano.a(lib_a-nano-freer.o)
                0x00003d84                _free_r
 .text.__malloc_lock
                0x00003e20        0xc c:/program files (x86)/eclipse foundation/eclipse cdt/gnu tools arm embedded/bin/../lib/gcc/arm-none-eabi/9.3.1/../../../../arm-none-eabi/lib/thumb/v7e-m/nofp\libg_nano.a(lib_a-mlock.o)
                0x00003e20                __malloc_lock
 .text.__malloc_unlock
                0x00003e2c        0xc c:/program files (x86)/eclipse foundation/eclipse cdt/gnu tools arm embedded/bin/../lib/gcc/arm-none-eabi/9.3.1/../../../../arm-none-eabi/lib/thumb/v7e-m/nofp\libg_nano.a(lib_a-mlock.o)
                0x00003e2c                __malloc_unlock
 .text.__retarget_lock_acquire_recursive
                0x00003e38        0x2 c:/program files (x86)/eclipse foundation/eclipse cdt/gnu tools arm embedded/bin/../lib/gcc/arm-none-eabi/9.3.1/../../../../arm-none-eabi/lib/thumb/v7e-m/nofp\libg_nano.a(lib_a-lock.o)
                0x00003e38                __retarget_lock_acquire_recursive
 .text.__retarget_lock_release_recursive
                0x00003e3a        0x2 c:/program files (x86)/eclipse foundation/eclipse cdt/gnu tools arm embedded/bin/../lib/gcc/arm-none-eabi/9.3.1/../../../../arm-none-eabi/lib/thumb/v7e-m/nofp\libg_nano.a(lib_a-lock.o)
                0x00003e3a                __retarget_lock_release_recursive
 *(.rodata)
 .rodata        0x00003e3c      0x102 ./Startup_Code/vectors.o
 *fill*         0x00003f3e        0x2 
 .rodata        0x00003f40      0x195 ./Sources/Note.o
 *fill*         0x000040d5        0x3 
 .rodata        0x000040d8      0x29a ./Sources/Tune.o
 *fill*         0x00004372        0x2 
 .rodata        0x00004374      0x182 ./Sources/usbdmError.o
 *(.rodata*)
 *fill*         0x000044f6        0x2 
 .rodata._ZTVN5USBDM11Uart_brfa_TINS_9Uart0InfoEEE
                0x000044f8       0x2c ./Startup_Code/console.o
                0x000044f8                vtable for USBDM::Uart_brfa_T<USBDM::Uart0Info>
 .rodata._ZTVN5USBDM6Uart_TINS_9Uart0InfoEEE
                0x00004524       0x2c ./Startup_Code/console.o
                0x00004524                vtable for USBDM::Uart_T<USBDM::Uart0Info>
 .rodata._ZTVN5USBDM4UartE
                0x00004550       0x2c ./Startup_Code/console.o
                0x00004550                vtable for USBDM::Uart
 .rodata._ZTVN5USBDM11FormattedIOE
                0x0000457c       0x24 ./Startup_Code/console.o
                0x0000457c                vtable for USBDM::FormattedIO
 .rodata._ZN5USBDM3Mcg9clockInfoE
                0x000045a0       0x3c ./Startup_Code/mcg.o
                0x000045a0                USBDM::Mcg::clockInfo
 .rodata._ZN5USBDML20clockTransitionTableE
                0x000045dc       0x40 ./Startup_Code/mcg.o
 .rodata._ZZN5USBDM9PitBase_TINS_7PitInfoEE21disableNvicInterruptsENS_13PitChannelNumEE7irqNums
                0x0000461c        0x4 ./Sources/Tune.o
                0x0000461c                USBDM::PitBase_T<USBDM::PitInfo>::disableNvicInterrupts(USBDM::PitChannelNum)::irqNums
 .rodata._ZZN5USBDM9PitBase_TINS_7PitInfoEE20enableNvicInterruptsENS_13PitChannelNumEmE7irqNums
                0x00004620        0x4 ./Sources/Tune.o
                0x00004620                USBDM::PitBase_T<USBDM::PitInfo>::enableNvicInterrupts(USBDM::PitChannelNum, unsigned long)::irqNums
 .rodata.TWO23  0x00004624        0x8 c:/program files (x86)/eclipse foundation/eclipse cdt/gnu tools arm embedded/bin/../lib/gcc/arm-none-eabi/9.3.1/../../../../arm-none-eabi/lib/thumb/v7e-m/nofp\libm.a(lib_a-sf_rint.o)
 .rodata._global_impure_ptr
                0x0000462c        0x4 c:/program files (x86)/eclipse foundation/eclipse cdt/gnu tools arm embedded/bin/../lib/gcc/arm-none-eabi/9.3.1/../../../../arm-none-eabi/lib/thumb/v7e-m/nofp\libg_nano.a(lib_a-impure.o)
                0x0000462c                _global_impure_ptr
 *(.init)
 .init          0x00004630        0x4 c:/program files (x86)/eclipse foundation/eclipse cdt/gnu tools arm embedded/bin/../lib/gcc/arm-none-eabi/9.3.1/thumb/v7e-m/nofp/crti.o
                0x00004630                _init
 .init          0x00004634        0x8 c:/program files (x86)/eclipse foundation/eclipse cdt/gnu tools arm embedded/bin/../lib/gcc/arm-none-eabi/9.3.1/thumb/v7e-m/nofp/crtn.o
 *(.fini)
 .fini          0x0000463c        0x4 c:/program files (x86)/eclipse foundation/eclipse cdt/gnu tools arm embedded/bin/../lib/gcc/arm-none-eabi/9.3.1/thumb/v7e-m/nofp/crti.o
                0x0000463c                _fini
 .fini          0x00004640        0x8 c:/program files (x86)/eclipse foundation/eclipse cdt/gnu tools arm embedded/bin/../lib/gcc/arm-none-eabi/9.3.1/thumb/v7e-m/nofp/crtn.o
                0x00004648                __CTOR_LIST__ = .
 *crtbegin.o(.ctors)
 *crtbegin?.o(.ctors)
 *(EXCLUDE_FILE(*crtend.o *crtend?.o) .ctors)
 *(SORT_BY_NAME(.ctors.*))
 *(.ctors)
                0x00004648                __CTOR_END__ = .
                0x00004648                __DTOR_LIST__ = .
 *crtbegin.o(.dtors)
 *crtbegin?.o(.dtors)
 *(EXCLUDE_FILE(*crtend.o *crtend?.o) .dtors)
 *(SORT_BY_NAME(.dtors.*))
 *(.dtors)
                0x00004648                __DTOR_END__ = .
                0x00004648                . = ALIGN (0x4)
                0x00004648                PROVIDE (__preinit_array_start = .)
 *(.preinit_array*)
                0x00004648                PROVIDE (__preinit_array_end = .)
                0x00004648                . = ALIGN (0x4)
                0x00004648                PROVIDE (__init_array_start = .)
 *(SORT_BY_NAME(.init_array.*))
 *(.init_array*)
 .init_array    0x00004648        0x4 c:/program files (x86)/eclipse foundation/eclipse cdt/gnu tools arm embedded/bin/../lib/gcc/arm-none-eabi/9.3.1/thumb/v7e-m/nofp/crtbegin.o
 .init_array    0x0000464c        0x4 ./Startup_Code/console.o
 .init_array    0x00004650        0x4 ./Startup_Code/system.o
 .init_array    0x00004654        0x4 ./Sources/usbdmError.o
                0x00004658                PROVIDE (__init_array_end = .)
                0x00004658                . = ALIGN (0x4)
                [!provide]                PROVIDE (__fini_array_start = .)
 *(SORT_BY_NAME(.fini_array.*))
 *(.fini_array*)
 .fini_array    0x00004658        0x4 c:/program files (x86)/eclipse foundation/eclipse cdt/gnu tools arm embedded/bin/../lib/gcc/arm-none-eabi/9.3.1/thumb/v7e-m/nofp/crtbegin.o
                [!provide]                PROVIDE (__fini_array_end = .)
 *(.jcr*)
 *(.rodata*)
 *(.eh_frame*)
 .eh_frame      0x0000465c        0x0 c:/program files (x86)/eclipse foundation/eclipse cdt/gnu tools arm embedded/bin/../lib/gcc/arm-none-eabi/9.3.1/thumb/v7e-m/nofp/crtbegin.o
 .eh_frame      0x0000465c        0x4 c:/program files (x86)/eclipse foundation/eclipse cdt/gnu tools arm embedded/bin/../lib/gcc/arm-none-eabi/9.3.1/thumb/v7e-m/nofp/crtend.o

.glue_7         0x00004660        0x0
 .glue_7        0x00004660        0x0 linker stubs

.glue_7t        0x00004660        0x0
 .glue_7t       0x00004660        0x0 linker stubs

.vfp11_veneer   0x00004660        0x0
 .vfp11_veneer  0x00004660        0x0 linker stubs

.v4_bx          0x00004660        0x0
 .v4_bx         0x00004660        0x0 linker stubs

.iplt           0x00004660        0x0
 .iplt          0x00004660        0x0 c:/program files (x86)/eclipse foundation/eclipse cdt/gnu tools arm embedded/bin/../lib/gcc/arm-none-eabi/9.3.1/thumb/v7e-m/nofp/crtbegin.o

.ARM.extab
 *(.ARM.extab* .gnu.linkonce.armextab.*)
                0x00004660                __exidx_start = .

.ARM.exidx      0x00004660        0x8
 *(.ARM.exidx* .gnu.linkonce.armexidx.*)
 .ARM.exidx     0x00004660        0x8 c:/program files (x86)/eclipse foundation/eclipse cdt/gnu tools arm embedded/bin/../lib/gcc/arm-none-eabi/9.3.1/../../../../arm-none-eabi/lib/thumb/v7e-m/nofp/crt0.o
                                 0x10 (size before relaxing)
                0x00004668                __exidx_end = .

.rel.dyn        0x00004668        0x0
 .rel.iplt      0x00004668        0x0 c:/program files (x86)/eclipse foundation/eclipse cdt/gnu tools arm embedded/bin/../lib/gcc/arm-none-eabi/9.3.1/thumb/v7e-m/nofp/crtbegin.o

.flash          0x00004668        0x0
                0x00004668                . = ALIGN (0x4)
 *(.flash)
                0x00004668                __etext = .
                0x00004668                __DATA_ROM = .

.mtb            0x1fffe000        0x0
                0x1fffe000                . = ALIGN (0x8)
                0x1fffe000                _mtb_start = .
 *(.mtb_buf)
                0x1fffe000                . = ALIGN (0x8)
                0x1fffe000                _mtb_end = .

.interrupts_ram
                0x1fffe000        0x0
                0x1fffe000                . = ALIGN (0x4)
                0x1fffe000                __VECTOR_RAM__ = .
                0x1fffe000                __interrupts_ram_start__ = .
 *(.m_interrupts_ram)
                0x1fffe000                . = (. + M_VECTOR_RAM_SIZE)
                0x1fffe000                . = ALIGN (0x4)
                0x1fffe000                __interrupts_ram_end__ = .
                0x00000000                __VECTOR_RAM = DEFINED (__ram_vector_table__)?__VECTOR_RAM__:__VECTOR_TABLE
                0x00000000                __RAM_VECTOR_TABLE_SIZE_BYTES = (__interrupts_ram_end__ - __interrupts_ram_start__)

.bdts
 *(.bss*endPointBdts*)

.data           0x1fffe000      0x1fc load address 0x00004668
                0x1fffe000                __data_start__ = .
                0x1fffe000                __DATA_RAM = .
 *(vtable)
 *(.data*)
 .data          0x1fffe000        0x4 c:/program files (x86)/eclipse foundation/eclipse cdt/gnu tools arm embedded/bin/../lib/gcc/arm-none-eabi/9.3.1/thumb/v7e-m/nofp/crtbegin.o
                0x1fffe000                __dso_handle
 .data.SystemCoreClock
                0x1fffe004        0x4 ./Startup_Code/system.o
                0x1fffe004                SystemCoreClock
 .data.SystemBusClock
                0x1fffe008        0x4 ./Startup_Code/system.o
                0x1fffe008                SystemBusClock
 .data._ZN5USBDM9FtmBase_TINS_8Ftm0InfoEE12sToiCallbackE
                0x1fffe00c        0x4 ./Startup_Code/vectors.o
                0x1fffe00c                USBDM::FtmBase_T<USBDM::Ftm0Info>::sToiCallback
 .data._ZN5USBDM9FtmBase_TINS_8Ftm0InfoEE14sFaultCallbackE
                0x1fffe010        0x4 ./Startup_Code/vectors.o
                0x1fffe010                USBDM::FtmBase_T<USBDM::Ftm0Info>::sFaultCallback
 .data._ZN5USBDM9PitBase_TINS_7PitInfoEE10sCallbacksE
                0x1fffe014       0x10 ./Startup_Code/vectors.o
                0x1fffe014                USBDM::PitBase_T<USBDM::PitInfo>::sCallbacks
 .data._ZL9NoteTable
                0x1fffe024      0x130 ./Sources/Tune.o
 .data._ZN5USBDM9PitBase_TINS_7PitInfoEE17allocatedChannelsE
                0x1fffe154        0x4 ./Sources/Tune.o
                0x1fffe154                USBDM::PitBase_T<USBDM::PitInfo>::allocatedChannels
 .data._ZN5USBDML8messagesE
                0x1fffe158       0x40 ./Sources/usbdmError.o
 .data._impure_ptr
                0x1fffe198        0x4 c:/program files (x86)/eclipse foundation/eclipse cdt/gnu tools arm embedded/bin/../lib/gcc/arm-none-eabi/9.3.1/../../../../arm-none-eabi/lib/thumb/v7e-m/nofp\libg_nano.a(lib_a-impure.o)
                0x1fffe198                _impure_ptr
 .data.impure_data
                0x1fffe19c       0x60 c:/program files (x86)/eclipse foundation/eclipse cdt/gnu tools arm embedded/bin/../lib/gcc/arm-none-eabi/9.3.1/../../../../arm-none-eabi/lib/thumb/v7e-m/nofp\libg_nano.a(lib_a-impure.o)
                0x1fffe1fc                . = ALIGN (0x4)
                0x1fffe1fc                __data_end__ = .
                0x00004864                __DATA_END = (__DATA_ROM + SIZEOF (.data))

.igot.plt       0x1fffe1fc        0x0 load address 0x00004864
 .igot.plt      0x1fffe1fc        0x0 c:/program files (x86)/eclipse foundation/eclipse cdt/gnu tools arm embedded/bin/../lib/gcc/arm-none-eabi/9.3.1/thumb/v7e-m/nofp/crtbegin.o

.noinit         0x1fffe1fc        0x0
                0x1fffe1fc                . = ALIGN (0x4)
 *(.noinit)

.bss            0x1fffe1fc       0x70 load address 0x00004864
                0x1fffe1fc                . = ALIGN (0x4)
                0x1fffe1fc                __START_BSS = .
                0x1fffe1fc                __bss_start__ = .
 *(.bss)
 .bss           0x1fffe1fc       0x1c c:/program files (x86)/eclipse foundation/eclipse cdt/gnu tools arm embedded/bin/../lib/gcc/arm-none-eabi/9.3.1/thumb/v7e-m/nofp/crtbegin.o
 *(.bss*)
 .bss._ZN5USBDM7consoleE
                0x1fffe218       0x18 ./Startup_Code/console.o
                0x1fffe218                USBDM::console
 .bss._ZN5USBDM16SystemMcgffClockE
                0x1fffe230        0x4 ./Startup_Code/mcg.o
                0x1fffe230                USBDM::SystemMcgffClock
 .bss._ZN5USBDM17SystemMcgOutClockE
                0x1fffe234        0x4 ./Startup_Code/mcg.o
                0x1fffe234                USBDM::SystemMcgOutClock
 .bss._ZN5USBDM17SystemMcgFllClockE
                0x1fffe238        0x4 ./Startup_Code/mcg.o
                0x1fffe238                USBDM::SystemMcgFllClock
 .bss._ZN5USBDM17SystemMcgPllClockE
                0x1fffe23c        0x4 ./Startup_Code/mcg.o
                0x1fffe23c                USBDM::SystemMcgPllClock
 .bss._ZN5USBDM3Mcg16currentClockModeE
                0x1fffe240        0x1 ./Startup_Code/mcg.o
                0x1fffe240                USBDM::Mcg::currentClockMode
 *fill*         0x1fffe241        0x3 
 .bss._ZN5USBDM9FtmBase_TINS_8Ftm0InfoEE17sChannelCallbacksE
                0x1fffe244        0x4 ./Startup_Code/vectors.o
                0x1fffe244                USBDM::FtmBase_T<USBDM::Ftm0Info>::sChannelCallbacks
 .bss._ZN5USBDM9PitBase_TINS_7PitInfoEE12clearOnEventE
                0x1fffe248        0x4 ./Startup_Code/vectors.o
                0x1fffe248                USBDM::PitBase_T<USBDM::PitInfo>::clearOnEvent
 .bss._ZL22timerHalfPeriodInTicks
                0x1fffe24c        0x2 ./Sources/Note.o
 *fill*         0x1fffe24e        0x2 
 .bss.i         0x1fffe250        0x4 ./Sources/Tune.o
                0x1fffe250                i
 .bss.flag      0x1fffe254        0x4 ./Sources/Tune.o
                0x1fffe254                flag
 .bss._ZN5USBDM9errorCodeE
                0x1fffe258        0x4 ./Sources/usbdmError.o
                0x1fffe258                USBDM::errorCode
 .bss.__malloc_free_list
                0x1fffe25c        0x4 c:/program files (x86)/eclipse foundation/eclipse cdt/gnu tools arm embedded/bin/../lib/gcc/arm-none-eabi/9.3.1/../../../../arm-none-eabi/lib/thumb/v7e-m/nofp\libg_nano.a(lib_a-nano-mallocr.o)
                0x1fffe25c                __malloc_free_list
 *(COMMON)
 COMMON         0x1fffe260        0x9 c:/program files (x86)/eclipse foundation/eclipse cdt/gnu tools arm embedded/bin/../lib/gcc/arm-none-eabi/9.3.1/../../../../arm-none-eabi/lib/thumb/v7e-m/nofp\libg_nano.a(lib_a-lock.o)
                0x1fffe260                __lock___atexit_recursive_mutex
                0x1fffe261                __lock___arc4random_mutex
                0x1fffe262                __lock___env_recursive_mutex
                0x1fffe263                __lock___sinit_recursive_mutex
                0x1fffe264                __lock___malloc_recursive_mutex
                0x1fffe265                __lock___at_quick_exit_mutex
                0x1fffe266                __lock___dd_hash_mutex
                0x1fffe267                __lock___tz_mutex
                0x1fffe268                __lock___sfp_recursive_mutex
                0x1fffe26c                . = ALIGN (0x4)
 *fill*         0x1fffe269        0x3 
                0x1fffe26c                __bss_end__ = .
                0x1fffe26c                __END_BSS = .

.heap           0x1fffe26c     0x1000 load address 0x000048d4
                0x1fffe26c                . = ALIGN (0x4)
                [!provide]                PROVIDE (__end__ = .)
                [!provide]                PROVIDE (end = .)
                [!provide]                PROVIDE (_end = .)
                0x1fffe26c                __HeapBase = .
                0x1fffe26c                __heap_addr = .
                0x1ffff26c                . = (. + __heap_size__)
 *fill*         0x1fffe26c     0x1000 
                0x1fffffff                __HeapLimit = MIN (ABSOLUTE (((ORIGIN (heap_ram) + LENGTH (heap_ram)) - 0x1)), __StackLimit)
                [!provide]                PROVIDE (__sram_u_size = 0x0)

.stack          0x20000000     0x2000
                0x20000ffd                . = MAX (., ABSOLUTE (((((ORIGIN (stack_ram) + LENGTH (stack_ram)) - __stack_size__) - __sram_u_size) - 0x3)))
 *fill*         0x20000000      0xffd 
                0x20001000                . = ALIGN (0x4)
 *fill*         0x20000ffd        0x3 
                0x20001000                __StackLimit = .
                0x20002000                . = (. + __stack_size__)
 *fill*         0x20001000     0x1000 
                0x20002000                __StackTop = .

.flexRAM        0x14000000        0x0
                0x14000000                . = ALIGN (0x4)
 *(.flexRAM)

.flexNVM        0x10000000        0x0
                0x10000000                . = ALIGN (0x4)
 *(.flexNVM)

.sram_u
 *(.sram_u)

.bitband        0x22000000    0x40000
                0x00040000                . = (ORIGIN (bitband) + ((((ORIGIN (sram_u_ram) + LENGTH (sram_u_ram)) - __sram_u_size) & 0xffffff) * 0x20))
 *fill*         0x22000000    0x40000 
 *(.bitband)
                0x20002000                PROVIDE (__stack = __StackTop)
                [!provide]                PROVIDE (__cs3_stack = __StackTop)
                [!provide]                PROVIDE (_write = _usbdm_write)
                [!provide]                PROVIDE (_read = _usbdm_read)
OUTPUT(MusicBox1.elf elf32-littlearm)
LOAD linker stubs

.ARM.attributes
                0x00000000       0x2a
 .ARM.attributes
                0x00000000       0x1e c:/program files (x86)/eclipse foundation/eclipse cdt/gnu tools arm embedded/bin/../lib/gcc/arm-none-eabi/9.3.1/thumb/v7e-m/nofp/crti.o
 .ARM.attributes
                0x0000001e       0x2e c:/program files (x86)/eclipse foundation/eclipse cdt/gnu tools arm embedded/bin/../lib/gcc/arm-none-eabi/9.3.1/thumb/v7e-m/nofp/crtbegin.o
 .ARM.attributes
                0x0000004c       0x1c c:/program files (x86)/eclipse foundation/eclipse cdt/gnu tools arm embedded/bin/../lib/gcc/arm-none-eabi/9.3.1/../../../../arm-none-eabi/lib/thumb/v7e-m/nofp/crt0.o
 .ARM.attributes
                0x00000068       0x2e ./Startup_Code/console.o
 .ARM.attributes
                0x00000096       0x2e ./Startup_Code/mcg.o
 .ARM.attributes
                0x000000c4       0x2e ./Startup_Code/newlib_stubs.o
 .ARM.attributes
                0x000000f2       0x33 ./Startup_Code/security.o
 .ARM.attributes
                0x00000125       0x1b ./Startup_Code/startup_ARMLtdGCC.o
 .ARM.attributes
                0x00000140       0x2e ./Startup_Code/system-gcc.o
 .ARM.attributes
                0x0000016e       0x2e ./Startup_Code/system.o
 .ARM.attributes
                0x0000019c       0x2e ./Startup_Code/vectors.o
 .ARM.attributes
                0x000001ca       0x2e ./Sources/MusicBox.o
 .ARM.attributes
                0x000001f8       0x2e ./Sources/Note.o
 .ARM.attributes
                0x00000226       0x2e ./Sources/Tune.o
 .ARM.attributes
                0x00000254       0x2e ./Sources/usbdmError.o
 .ARM.attributes
                0x00000282       0x2e c:/program files (x86)/eclipse foundation/eclipse cdt/gnu tools arm embedded/bin/../lib/gcc/arm-none-eabi/9.3.1/../../../../arm-none-eabi/lib/thumb/v7e-m/nofp\libstdc++_nano.a(atexit_arm.o)
 .ARM.attributes
                0x000002b0       0x2e c:/program files (x86)/eclipse foundation/eclipse cdt/gnu tools arm embedded/bin/../lib/gcc/arm-none-eabi/9.3.1/../../../../arm-none-eabi/lib/thumb/v7e-m/nofp\libstdc++_nano.a(del_ops.o)
 .ARM.attributes
                0x000002de       0x2e c:/program files (x86)/eclipse foundation/eclipse cdt/gnu tools arm embedded/bin/../lib/gcc/arm-none-eabi/9.3.1/../../../../arm-none-eabi/lib/thumb/v7e-m/nofp\libstdc++_nano.a(del_op.o)
 .ARM.attributes
                0x0000030c       0x2e c:/program files (x86)/eclipse foundation/eclipse cdt/gnu tools arm embedded/bin/../lib/gcc/arm-none-eabi/9.3.1/../../../../arm-none-eabi/lib/thumb/v7e-m/nofp\libm.a(lib_a-s_round.o)
 .ARM.attributes
                0x0000033a       0x2e c:/program files (x86)/eclipse foundation/eclipse cdt/gnu tools arm embedded/bin/../lib/gcc/arm-none-eabi/9.3.1/../../../../arm-none-eabi/lib/thumb/v7e-m/nofp\libm.a(lib_a-sf_rint.o)
 .ARM.attributes
                0x00000368       0x1e c:/program files (x86)/eclipse foundation/eclipse cdt/gnu tools arm embedded/bin/../lib/gcc/arm-none-eabi/9.3.1/thumb/v7e-m/nofp\libgcc.a(_arm_addsubdf3.o)
 .ARM.attributes
                0x00000386       0x1e c:/program files (x86)/eclipse foundation/eclipse cdt/gnu tools arm embedded/bin/../lib/gcc/arm-none-eabi/9.3.1/thumb/v7e-m/nofp\libgcc.a(_arm_muldivdf3.o)
 .ARM.attributes
                0x000003a4       0x1e c:/program files (x86)/eclipse foundation/eclipse cdt/gnu tools arm embedded/bin/../lib/gcc/arm-none-eabi/9.3.1/thumb/v7e-m/nofp\libgcc.a(_arm_fixunsdfsi.o)
 .ARM.attributes
                0x000003c2       0x1e c:/program files (x86)/eclipse foundation/eclipse cdt/gnu tools arm embedded/bin/../lib/gcc/arm-none-eabi/9.3.1/thumb/v7e-m/nofp\libgcc.a(_arm_truncdfsf2.o)
 .ARM.attributes
                0x000003e0       0x1e c:/program files (x86)/eclipse foundation/eclipse cdt/gnu tools arm embedded/bin/../lib/gcc/arm-none-eabi/9.3.1/thumb/v7e-m/nofp\libgcc.a(_arm_addsubsf3.o)
 .ARM.attributes
                0x000003fe       0x1e c:/program files (x86)/eclipse foundation/eclipse cdt/gnu tools arm embedded/bin/../lib/gcc/arm-none-eabi/9.3.1/thumb/v7e-m/nofp\libgcc.a(_arm_muldivsf3.o)
 .ARM.attributes
                0x0000041c       0x1e c:/program files (x86)/eclipse foundation/eclipse cdt/gnu tools arm embedded/bin/../lib/gcc/arm-none-eabi/9.3.1/thumb/v7e-m/nofp\libgcc.a(_arm_cmpsf2.o)
 .ARM.attributes
                0x0000043a       0x1e c:/program files (x86)/eclipse foundation/eclipse cdt/gnu tools arm embedded/bin/../lib/gcc/arm-none-eabi/9.3.1/thumb/v7e-m/nofp\libgcc.a(_arm_fixsfsi.o)
 .ARM.attributes
                0x00000458       0x1e c:/program files (x86)/eclipse foundation/eclipse cdt/gnu tools arm embedded/bin/../lib/gcc/arm-none-eabi/9.3.1/thumb/v7e-m/nofp\libgcc.a(_arm_fixunssfsi.o)
 .ARM.attributes
                0x00000476       0x2e c:/program files (x86)/eclipse foundation/eclipse cdt/gnu tools arm embedded/bin/../lib/gcc/arm-none-eabi/9.3.1/thumb/v7e-m/nofp\libgcc.a(_fixunssfdi.o)
 .ARM.attributes
                0x000004a4       0x2e c:/program files (x86)/eclipse foundation/eclipse cdt/gnu tools arm embedded/bin/../lib/gcc/arm-none-eabi/9.3.1/../../../../arm-none-eabi/lib/thumb/v7e-m/nofp\libg_nano.a(lib_a-cxa_atexit.o)
 .ARM.attributes
                0x000004d2       0x2e c:/program files (x86)/eclipse foundation/eclipse cdt/gnu tools arm embedded/bin/../lib/gcc/arm-none-eabi/9.3.1/../../../../arm-none-eabi/lib/thumb/v7e-m/nofp\libg_nano.a(lib_a-exit.o)
 .ARM.attributes
                0x00000500       0x2e c:/program files (x86)/eclipse foundation/eclipse cdt/gnu tools arm embedded/bin/../lib/gcc/arm-none-eabi/9.3.1/../../../../arm-none-eabi/lib/thumb/v7e-m/nofp\libg_nano.a(lib_a-impure.o)
 .ARM.attributes
                0x0000052e       0x2e c:/program files (x86)/eclipse foundation/eclipse cdt/gnu tools arm embedded/bin/../lib/gcc/arm-none-eabi/9.3.1/../../../../arm-none-eabi/lib/thumb/v7e-m/nofp\libg_nano.a(lib_a-init.o)
 .ARM.attributes
                0x0000055c       0x2e c:/program files (x86)/eclipse foundation/eclipse cdt/gnu tools arm embedded/bin/../lib/gcc/arm-none-eabi/9.3.1/../../../../arm-none-eabi/lib/thumb/v7e-m/nofp\libg_nano.a(lib_a-malloc.o)
 .ARM.attributes
                0x0000058a       0x2e c:/program files (x86)/eclipse foundation/eclipse cdt/gnu tools arm embedded/bin/../lib/gcc/arm-none-eabi/9.3.1/../../../../arm-none-eabi/lib/thumb/v7e-m/nofp\libg_nano.a(lib_a-memset.o)
 .ARM.attributes
                0x000005b8       0x2e c:/program files (x86)/eclipse foundation/eclipse cdt/gnu tools arm embedded/bin/../lib/gcc/arm-none-eabi/9.3.1/../../../../arm-none-eabi/lib/thumb/v7e-m/nofp\libg_nano.a(lib_a-nano-freer.o)
 .ARM.attributes
                0x000005e6       0x2e c:/program files (x86)/eclipse foundation/eclipse cdt/gnu tools arm embedded/bin/../lib/gcc/arm-none-eabi/9.3.1/../../../../arm-none-eabi/lib/thumb/v7e-m/nofp\libg_nano.a(lib_a-nano-mallocr.o)
 .ARM.attributes
                0x00000614       0x2e c:/program files (x86)/eclipse foundation/eclipse cdt/gnu tools arm embedded/bin/../lib/gcc/arm-none-eabi/9.3.1/../../../../arm-none-eabi/lib/thumb/v7e-m/nofp\libg_nano.a(lib_a-mlock.o)
 .ARM.attributes
                0x00000642       0x2e c:/program files (x86)/eclipse foundation/eclipse cdt/gnu tools arm embedded/bin/../lib/gcc/arm-none-eabi/9.3.1/../../../../arm-none-eabi/lib/thumb/v7e-m/nofp\libg_nano.a(lib_a-lock.o)
 .ARM.attributes
                0x00000670       0x2e c:/program files (x86)/eclipse foundation/eclipse cdt/gnu tools arm embedded/bin/../lib/gcc/arm-none-eabi/9.3.1/thumb/v7e-m/nofp/crtend.o
 .ARM.attributes
                0x0000069e       0x1e c:/program files (x86)/eclipse foundation/eclipse cdt/gnu tools arm embedded/bin/../lib/gcc/arm-none-eabi/9.3.1/thumb/v7e-m/nofp/crtn.o

.comment        0x00000000       0x4c
 .comment       0x00000000       0x4c ./Startup_Code/console.o
                                 0x4d (size before relaxing)
 .comment       0x0000004c       0x4d ./Startup_Code/mcg.o
 .comment       0x0000004c       0x4d ./Startup_Code/newlib_stubs.o
 .comment       0x0000004c       0x4d ./Startup_Code/security.o
 .comment       0x0000004c       0x4d ./Startup_Code/system-gcc.o
 .comment       0x0000004c       0x4d ./Startup_Code/system.o
 .comment       0x0000004c       0x4d ./Startup_Code/vectors.o
 .comment       0x0000004c       0x4d ./Sources/MusicBox.o
 .comment       0x0000004c       0x4d ./Sources/Note.o
 .comment       0x0000004c       0x4d ./Sources/Tune.o
 .comment       0x0000004c       0x4d ./Sources/usbdmError.o

.debug_info     0x00000000    0x921b2
 .debug_info    0x00000000    0x10f69 ./Startup_Code/console.o
 .debug_info    0x00010f69    0x100ae ./Startup_Code/mcg.o
 .debug_info    0x00021017     0x1072 ./Startup_Code/newlib_stubs.o
 .debug_info    0x00022089      0xa0e ./Startup_Code/security.o
 .debug_info    0x00022a97       0x26 ./Startup_Code/startup_ARMLtdGCC.o
 .debug_info    0x00022abd     0xf488 ./Startup_Code/system-gcc.o
 .debug_info    0x00031f45     0xf330 ./Startup_Code/system.o
 .debug_info    0x00041275    0x11424 ./Startup_Code/vectors.o
 .debug_info    0x00052699     0xf871 ./Sources/MusicBox.o
 .debug_info    0x00061f0a    0x10119 ./Sources/Note.o
 .debug_info    0x00072023     0xfe19 ./Sources/Tune.o
 .debug_info    0x00081e3c    0x10376 ./Sources/usbdmError.o

.debug_abbrev   0x00000000     0x6c36
 .debug_abbrev  0x00000000      0xd5b ./Startup_Code/console.o
 .debug_abbrev  0x00000d5b      0xbb7 ./Startup_Code/mcg.o
 .debug_abbrev  0x00001912      0x328 ./Startup_Code/newlib_stubs.o
 .debug_abbrev  0x00001c3a      0x1ce ./Startup_Code/security.o
 .debug_abbrev  0x00001e08       0x14 ./Startup_Code/startup_ARMLtdGCC.o
 .debug_abbrev  0x00001e1c      0x9af ./Startup_Code/system-gcc.o
 .debug_abbrev  0x000027cb      0x9e9 ./Startup_Code/system.o
 .debug_abbrev  0x000031b4      0xc8f ./Startup_Code/vectors.o
 .debug_abbrev  0x00003e43      0xaef ./Sources/MusicBox.o
 .debug_abbrev  0x00004932      0xb51 ./Sources/Note.o
 .debug_abbrev  0x00005483      0xba5 ./Sources/Tune.o
 .debug_abbrev  0x00006028      0xc0e ./Sources/usbdmError.o

.debug_aranges  0x00000000      0x790
 .debug_aranges
                0x00000000      0x170 ./Startup_Code/console.o
 .debug_aranges
                0x00000170       0xe8 ./Startup_Code/mcg.o
 .debug_aranges
                0x00000258       0xb8 ./Startup_Code/newlib_stubs.o
 .debug_aranges
                0x00000310       0x18 ./Startup_Code/security.o
 .debug_aranges
                0x00000328       0x20 ./Startup_Code/startup_ARMLtdGCC.o
 .debug_aranges
                0x00000348       0x30 ./Startup_Code/system-gcc.o
 .debug_aranges
                0x00000378       0x58 ./Startup_Code/system.o
 .debug_aranges
                0x000003d0       0xd8 ./Startup_Code/vectors.o
 .debug_aranges
                0x000004a8       0xa8 ./Sources/MusicBox.o
 .debug_aranges
                0x00000550       0xf8 ./Sources/Note.o
 .debug_aranges
                0x00000648       0xc8 ./Sources/Tune.o
 .debug_aranges
                0x00000710       0x80 ./Sources/usbdmError.o

.debug_ranges   0x00000000      0x6b8
 .debug_ranges  0x00000000      0x160 ./Startup_Code/console.o
 .debug_ranges  0x00000160       0xd8 ./Startup_Code/mcg.o
 .debug_ranges  0x00000238       0xa8 ./Startup_Code/newlib_stubs.o
 .debug_ranges  0x000002e0       0x20 ./Startup_Code/system-gcc.o
 .debug_ranges  0x00000300       0x48 ./Startup_Code/system.o
 .debug_ranges  0x00000348       0xc8 ./Startup_Code/vectors.o
 .debug_ranges  0x00000410       0x98 ./Sources/MusicBox.o
 .debug_ranges  0x000004a8       0xe8 ./Sources/Note.o
 .debug_ranges  0x00000590       0xb8 ./Sources/Tune.o
 .debug_ranges  0x00000648       0x70 ./Sources/usbdmError.o

.debug_macro    0x00000000    0x118bd
 .debug_macro   0x00000000      0x48e ./Startup_Code/console.o
 .debug_macro   0x0000048e      0xbda ./Startup_Code/console.o
 .debug_macro   0x00001068       0x1c ./Startup_Code/console.o
 .debug_macro   0x00001084       0x22 ./Startup_Code/console.o
 .debug_macro   0x000010a6       0x8e ./Startup_Code/console.o
 .debug_macro   0x00001134       0x51 ./Startup_Code/console.o
 .debug_macro   0x00001185      0x103 ./Startup_Code/console.o
 .debug_macro   0x00001288       0x6a ./Startup_Code/console.o
 .debug_macro   0x000012f2      0x1df ./Startup_Code/console.o
 .debug_macro   0x000014d1       0x2e ./Startup_Code/console.o
 .debug_macro   0x000014ff       0x3b ./Startup_Code/console.o
 .debug_macro   0x0000153a       0x50 ./Startup_Code/console.o
 .debug_macro   0x0000158a      0xbc6 ./Startup_Code/console.o
 .debug_macro   0x00002150     0x83ec ./Startup_Code/console.o
 .debug_macro   0x0000a53c       0x26 ./Startup_Code/console.o
 .debug_macro   0x0000a562       0x10 ./Startup_Code/console.o
 .debug_macro   0x0000a572      0x17b ./Startup_Code/console.o
 .debug_macro   0x0000a6ed      0x15b ./Startup_Code/console.o
 .debug_macro   0x0000a848      0x17c ./Startup_Code/console.o
 .debug_macro   0x0000a9c4       0x10 ./Startup_Code/console.o
 .debug_macro   0x0000a9d4       0x9e ./Startup_Code/console.o
 .debug_macro   0x0000aa72       0xfd ./Startup_Code/console.o
 .debug_macro   0x0000ab6f      0x3a0 ./Startup_Code/console.o
 .debug_macro   0x0000af0f       0x64 ./Startup_Code/console.o
 .debug_macro   0x0000af73      0x35c ./Startup_Code/console.o
 .debug_macro   0x0000b2cf       0x7c ./Startup_Code/console.o
 .debug_macro   0x0000b34b       0x17 ./Startup_Code/console.o
 .debug_macro   0x0000b362       0xee ./Startup_Code/console.o
 .debug_macro   0x0000b450       0x1c ./Startup_Code/console.o
 .debug_macro   0x0000b46c       0x28 ./Startup_Code/console.o
 .debug_macro   0x0000b494       0x10 ./Startup_Code/console.o
 .debug_macro   0x0000b4a4       0x18 ./Startup_Code/console.o
 .debug_macro   0x0000b4bc       0x18 ./Startup_Code/console.o
 .debug_macro   0x0000b4d4       0x35 ./Startup_Code/console.o
 .debug_macro   0x0000b509       0x34 ./Startup_Code/console.o
 .debug_macro   0x0000b53d       0x16 ./Startup_Code/console.o
 .debug_macro   0x0000b553       0x43 ./Startup_Code/console.o
 .debug_macro   0x0000b596       0x34 ./Startup_Code/console.o
 .debug_macro   0x0000b5ca       0x10 ./Startup_Code/console.o
 .debug_macro   0x0000b5da       0x58 ./Startup_Code/console.o
 .debug_macro   0x0000b632      0x182 ./Startup_Code/console.o
 .debug_macro   0x0000b7b4      0x1a2 ./Startup_Code/console.o
 .debug_macro   0x0000b956       0x10 ./Startup_Code/console.o
 .debug_macro   0x0000b966       0x16 ./Startup_Code/console.o
 .debug_macro   0x0000b97c       0x35 ./Startup_Code/console.o
 .debug_macro   0x0000b9b1       0x16 ./Startup_Code/console.o
 .debug_macro   0x0000b9c7       0x29 ./Startup_Code/console.o
 .debug_macro   0x0000b9f0       0x10 ./Startup_Code/console.o
 .debug_macro   0x0000ba00      0x3ce ./Startup_Code/console.o
 .debug_macro   0x0000bdce       0x16 ./Startup_Code/console.o
 .debug_macro   0x0000bde4       0x1c ./Startup_Code/console.o
 .debug_macro   0x0000be00       0x6e ./Startup_Code/console.o
 .debug_macro   0x0000be6e       0x28 ./Startup_Code/console.o
 .debug_macro   0x0000be96       0x6a ./Startup_Code/console.o
 .debug_macro   0x0000bf00       0x18 ./Startup_Code/console.o
 .debug_macro   0x0000bf18       0x2e ./Startup_Code/console.o
 .debug_macro   0x0000bf46       0x1f ./Startup_Code/console.o
 .debug_macro   0x0000bf65       0x88 ./Startup_Code/console.o
 .debug_macro   0x0000bfed       0x19 ./Startup_Code/console.o
 .debug_macro   0x0000c006      0x120 ./Startup_Code/console.o
 .debug_macro   0x0000c126       0x11 ./Startup_Code/console.o
 .debug_macro   0x0000c137       0x17 ./Startup_Code/console.o
 .debug_macro   0x0000c14e       0x17 ./Startup_Code/console.o
 .debug_macro   0x0000c165       0x17 ./Startup_Code/console.o
 .debug_macro   0x0000c17c       0x17 ./Startup_Code/console.o
 .debug_macro   0x0000c193       0x17 ./Startup_Code/console.o
 .debug_macro   0x0000c1aa       0x17 ./Startup_Code/console.o
 .debug_macro   0x0000c1c1       0x20 ./Startup_Code/console.o
 .debug_macro   0x0000c1e1       0x10 ./Startup_Code/console.o
 .debug_macro   0x0000c1f1       0x4c ./Startup_Code/console.o
 .debug_macro   0x0000c23d      0x4d6 ./Startup_Code/mcg.o
 .debug_macro   0x0000c713       0x5e ./Startup_Code/mcg.o
 .debug_macro   0x0000c771       0x94 ./Startup_Code/mcg.o
 .debug_macro   0x0000c805       0x57 ./Startup_Code/mcg.o
 .debug_macro   0x0000c85c       0x10 ./Startup_Code/mcg.o
 .debug_macro   0x0000c86c       0x16 ./Startup_Code/mcg.o
 .debug_macro   0x0000c882       0x52 ./Startup_Code/mcg.o
 .debug_macro   0x0000c8d4      0x198 ./Startup_Code/newlib_stubs.o
 .debug_macro   0x0000ca6c      0xa96 ./Startup_Code/newlib_stubs.o
 .debug_macro   0x0000d502       0x10 ./Startup_Code/newlib_stubs.o
 .debug_macro   0x0000d512       0x5c ./Startup_Code/newlib_stubs.o
 .debug_macro   0x0000d56e       0x34 ./Startup_Code/newlib_stubs.o
 .debug_macro   0x0000d5a2      0x174 ./Startup_Code/newlib_stubs.o
 .debug_macro   0x0000d716       0x43 ./Startup_Code/newlib_stubs.o
 .debug_macro   0x0000d759      0x23b ./Startup_Code/newlib_stubs.o
 .debug_macro   0x0000d994      0x339 ./Startup_Code/newlib_stubs.o
 .debug_macro   0x0000dccd       0x10 ./Startup_Code/newlib_stubs.o
 .debug_macro   0x0000dcdd       0x35 ./Startup_Code/newlib_stubs.o
 .debug_macro   0x0000dd12       0x10 ./Startup_Code/newlib_stubs.o
 .debug_macro   0x0000dd22       0x10 ./Startup_Code/newlib_stubs.o
 .debug_macro   0x0000dd32       0xbe ./Startup_Code/newlib_stubs.o
 .debug_macro   0x0000ddf0       0x2e ./Startup_Code/newlib_stubs.o
 .debug_macro   0x0000de1e      0x102 ./Startup_Code/newlib_stubs.o
 .debug_macro   0x0000df20       0x16 ./Startup_Code/newlib_stubs.o
 .debug_macro   0x0000df36      0x4fe ./Startup_Code/newlib_stubs.o
 .debug_macro   0x0000e434      0x1a7 ./Startup_Code/security.o
 .debug_macro   0x0000e5db       0x56 ./Startup_Code/security.o
 .debug_macro   0x0000e631       0x34 ./Startup_Code/security.o
 .debug_macro   0x0000e665      0xbc6 ./Startup_Code/security.o
 .debug_macro   0x0000f22b      0x489 ./Startup_Code/system-gcc.o
 .debug_macro   0x0000f6b4       0x10 ./Startup_Code/system-gcc.o
 .debug_macro   0x0000f6c4      0x10e ./Startup_Code/system-gcc.o
 .debug_macro   0x0000f7d2       0x94 ./Startup_Code/system-gcc.o
 .debug_macro   0x0000f866       0x1c ./Startup_Code/system-gcc.o
 .debug_macro   0x0000f882       0xde ./Startup_Code/system-gcc.o
 .debug_macro   0x0000f960      0x3d4 ./Startup_Code/system-gcc.o
 .debug_macro   0x0000fd34      0x496 ./Startup_Code/system.o
 .debug_macro   0x000101ca      0x4b9 ./Startup_Code/vectors.o
 .debug_macro   0x00010683      0x490 ./Sources/MusicBox.o
 .debug_macro   0x00010b13      0x486 ./Sources/Note.o
 .debug_macro   0x00010f99      0x4a8 ./Sources/Tune.o
 .debug_macro   0x00011441      0x47c ./Sources/usbdmError.o

.debug_line     0x00000000     0x95a5
 .debug_line    0x00000000     0x10fb ./Startup_Code/console.o
 .debug_line    0x000010fb     0x1642 ./Startup_Code/mcg.o
 .debug_line    0x0000273d      0x5de ./Startup_Code/newlib_stubs.o
 .debug_line    0x00002d1b      0x3a0 ./Startup_Code/security.o
 .debug_line    0x000030bb       0x74 ./Startup_Code/startup_ARMLtdGCC.o
 .debug_line    0x0000312f      0xb90 ./Startup_Code/system-gcc.o
 .debug_line    0x00003cbf      0xc2d ./Startup_Code/system.o
 .debug_line    0x000048ec     0x1128 ./Startup_Code/vectors.o
 .debug_line    0x00005a14      0xef7 ./Sources/MusicBox.o
 .debug_line    0x0000690b     0x10b7 ./Sources/Note.o
 .debug_line    0x000079c2      0xee3 ./Sources/Tune.o
 .debug_line    0x000088a5      0xd00 ./Sources/usbdmError.o

.debug_str      0x00000000    0x5b754
 .debug_str     0x00000000    0x52b73 ./Startup_Code/console.o
                              0x53209 (size before relaxing)
 .debug_str     0x00052b73      0xb53 ./Startup_Code/mcg.o
                              0x52170 (size before relaxing)
 .debug_str     0x000536c6     0x1f8b ./Startup_Code/newlib_stubs.o
                               0x8897 (size before relaxing)
 .debug_str     0x00055651      0x1c4 ./Startup_Code/security.o
                              0x395be (size before relaxing)
 .debug_str     0x00055815       0x32 ./Startup_Code/startup_ARMLtdGCC.o
                                 0x7a (size before relaxing)
 .debug_str     0x00055847      0x1ba ./Startup_Code/system-gcc.o
                              0x51744 (size before relaxing)
 .debug_str     0x00055a01      0x792 ./Startup_Code/system.o
                              0x51d80 (size before relaxing)
 .debug_str     0x00056193     0x235a ./Startup_Code/vectors.o
                              0x54974 (size before relaxing)
 .debug_str     0x000584ed     0x1109 ./Sources/MusicBox.o
                              0x526c3 (size before relaxing)
 .debug_str     0x000595f6     0x1e0c ./Sources/Note.o
                              0x535ec (size before relaxing)
 .debug_str     0x0005b402      0x24c ./Sources/Tune.o
                              0x52be5 (size before relaxing)
 .debug_str     0x0005b64e      0x106 ./Sources/usbdmError.o
                              0x5274f (size before relaxing)

.debug_frame    0x00000000     0x22a8
 .debug_frame   0x00000000      0x620 ./Startup_Code/console.o
 .debug_frame   0x00000620      0x384 ./Startup_Code/mcg.o
 .debug_frame   0x000009a4      0x304 ./Startup_Code/newlib_stubs.o
 .debug_frame   0x00000ca8       0x6c ./Startup_Code/system-gcc.o
 .debug_frame   0x00000d14      0x10c ./Startup_Code/system.o
 .debug_frame   0x00000e20      0x32c ./Startup_Code/vectors.o
 .debug_frame   0x0000114c      0x288 ./Sources/MusicBox.o
 .debug_frame   0x000013d4      0x3f8 ./Sources/Note.o
 .debug_frame   0x000017cc      0x310 ./Sources/Tune.o
 .debug_frame   0x00001adc      0x1ec ./Sources/usbdmError.o
 .debug_frame   0x00001cc8       0x20 c:/program files (x86)/eclipse foundation/eclipse cdt/gnu tools arm embedded/bin/../lib/gcc/arm-none-eabi/9.3.1/../../../../arm-none-eabi/lib/thumb/v7e-m/nofp\libstdc++_nano.a(atexit_arm.o)
 .debug_frame   0x00001ce8       0x20 c:/program files (x86)/eclipse foundation/eclipse cdt/gnu tools arm embedded/bin/../lib/gcc/arm-none-eabi/9.3.1/../../../../arm-none-eabi/lib/thumb/v7e-m/nofp\libstdc++_nano.a(del_ops.o)
 .debug_frame   0x00001d08       0x20 c:/program files (x86)/eclipse foundation/eclipse cdt/gnu tools arm embedded/bin/../lib/gcc/arm-none-eabi/9.3.1/../../../../arm-none-eabi/lib/thumb/v7e-m/nofp\libstdc++_nano.a(del_op.o)
 .debug_frame   0x00001d28       0x30 c:/program files (x86)/eclipse foundation/eclipse cdt/gnu tools arm embedded/bin/../lib/gcc/arm-none-eabi/9.3.1/../../../../arm-none-eabi/lib/thumb/v7e-m/nofp\libm.a(lib_a-s_round.o)
 .debug_frame   0x00001d58       0x38 c:/program files (x86)/eclipse foundation/eclipse cdt/gnu tools arm embedded/bin/../lib/gcc/arm-none-eabi/9.3.1/../../../../arm-none-eabi/lib/thumb/v7e-m/nofp\libm.a(lib_a-sf_rint.o)
 .debug_frame   0x00001d90       0xac c:/program files (x86)/eclipse foundation/eclipse cdt/gnu tools arm embedded/bin/../lib/gcc/arm-none-eabi/9.3.1/thumb/v7e-m/nofp\libgcc.a(_arm_addsubdf3.o)
 .debug_frame   0x00001e3c       0x50 c:/program files (x86)/eclipse foundation/eclipse cdt/gnu tools arm embedded/bin/../lib/gcc/arm-none-eabi/9.3.1/thumb/v7e-m/nofp\libgcc.a(_arm_muldivdf3.o)
 .debug_frame   0x00001e8c       0x24 c:/program files (x86)/eclipse foundation/eclipse cdt/gnu tools arm embedded/bin/../lib/gcc/arm-none-eabi/9.3.1/thumb/v7e-m/nofp\libgcc.a(_arm_fixunsdfsi.o)
 .debug_frame   0x00001eb0       0x24 c:/program files (x86)/eclipse foundation/eclipse cdt/gnu tools arm embedded/bin/../lib/gcc/arm-none-eabi/9.3.1/thumb/v7e-m/nofp\libgcc.a(_arm_truncdfsf2.o)
 .debug_frame   0x00001ed4       0x4c c:/program files (x86)/eclipse foundation/eclipse cdt/gnu tools arm embedded/bin/../lib/gcc/arm-none-eabi/9.3.1/thumb/v7e-m/nofp\libgcc.a(_arm_addsubsf3.o)
 .debug_frame   0x00001f20       0x38 c:/program files (x86)/eclipse foundation/eclipse cdt/gnu tools arm embedded/bin/../lib/gcc/arm-none-eabi/9.3.1/thumb/v7e-m/nofp\libgcc.a(_arm_muldivsf3.o)
 .debug_frame   0x00001f58       0xc8 c:/program files (x86)/eclipse foundation/eclipse cdt/gnu tools arm embedded/bin/../lib/gcc/arm-none-eabi/9.3.1/thumb/v7e-m/nofp\libgcc.a(_arm_cmpsf2.o)
 .debug_frame   0x00002020       0x24 c:/program files (x86)/eclipse foundation/eclipse cdt/gnu tools arm embedded/bin/../lib/gcc/arm-none-eabi/9.3.1/thumb/v7e-m/nofp\libgcc.a(_arm_fixsfsi.o)
 .debug_frame   0x00002044       0x24 c:/program files (x86)/eclipse foundation/eclipse cdt/gnu tools arm embedded/bin/../lib/gcc/arm-none-eabi/9.3.1/thumb/v7e-m/nofp\libgcc.a(_arm_fixunssfsi.o)
 .debug_frame   0x00002068       0x2c c:/program files (x86)/eclipse foundation/eclipse cdt/gnu tools arm embedded/bin/../lib/gcc/arm-none-eabi/9.3.1/thumb/v7e-m/nofp\libgcc.a(_fixunssfdi.o)
 .debug_frame   0x00002094       0x28 c:/program files (x86)/eclipse foundation/eclipse cdt/gnu tools arm embedded/bin/../lib/gcc/arm-none-eabi/9.3.1/../../../../arm-none-eabi/lib/thumb/v7e-m/nofp\libg_nano.a(lib_a-cxa_atexit.o)
 .debug_frame   0x000020bc       0x28 c:/program files (x86)/eclipse foundation/eclipse cdt/gnu tools arm embedded/bin/../lib/gcc/arm-none-eabi/9.3.1/../../../../arm-none-eabi/lib/thumb/v7e-m/nofp\libg_nano.a(lib_a-exit.o)
 .debug_frame   0x000020e4       0x2c c:/program files (x86)/eclipse foundation/eclipse cdt/gnu tools arm embedded/bin/../lib/gcc/arm-none-eabi/9.3.1/../../../../arm-none-eabi/lib/thumb/v7e-m/nofp\libg_nano.a(lib_a-init.o)
 .debug_frame   0x00002110       0x30 c:/program files (x86)/eclipse foundation/eclipse cdt/gnu tools arm embedded/bin/../lib/gcc/arm-none-eabi/9.3.1/../../../../arm-none-eabi/lib/thumb/v7e-m/nofp\libg_nano.a(lib_a-malloc.o)
 .debug_frame   0x00002140       0x20 c:/program files (x86)/eclipse foundation/eclipse cdt/gnu tools arm embedded/bin/../lib/gcc/arm-none-eabi/9.3.1/../../../../arm-none-eabi/lib/thumb/v7e-m/nofp\libg_nano.a(lib_a-memset.o)
 .debug_frame   0x00002160       0x38 c:/program files (x86)/eclipse foundation/eclipse cdt/gnu tools arm embedded/bin/../lib/gcc/arm-none-eabi/9.3.1/../../../../arm-none-eabi/lib/thumb/v7e-m/nofp\libg_nano.a(lib_a-nano-freer.o)
 .debug_frame   0x00002198       0x30 c:/program files (x86)/eclipse foundation/eclipse cdt/gnu tools arm embedded/bin/../lib/gcc/arm-none-eabi/9.3.1/../../../../arm-none-eabi/lib/thumb/v7e-m/nofp\libg_nano.a(lib_a-nano-mallocr.o)
 .debug_frame   0x000021c8       0x30 c:/program files (x86)/eclipse foundation/eclipse cdt/gnu tools arm embedded/bin/../lib/gcc/arm-none-eabi/9.3.1/../../../../arm-none-eabi/lib/thumb/v7e-m/nofp\libg_nano.a(lib_a-mlock.o)
 .debug_frame   0x000021f8       0xb0 c:/program files (x86)/eclipse foundation/eclipse cdt/gnu tools arm embedded/bin/../lib/gcc/arm-none-eabi/9.3.1/../../../../arm-none-eabi/lib/thumb/v7e-m/nofp\libg_nano.a(lib_a-lock.o)